%!Adobe-FontList 1.13
%Locale:0x412

%BeginFont
Handler:WinTTHandler
FontType:TrueType
FontName:Marlett
FamilyName:Marlett
StyleName:Regular
MenuName:Marlett
StyleBits:0
WeightClass:500
WidthClass:5
AngleClass:0
FullName:Marlett
WritingScript:Roman
WinName:Marlett
FileLength:24124
%EndFont

%BeginFont
Handler:WinTTHandler
FontType:TrueType
FontName:ArialMT
FamilyName:Arial
StyleName:Regular
MenuName:Arial
StyleBits:0
WeightClass:400
WidthClass:5
AngleClass:0
FullName:Arial
WritingScript:Roman
WinName:Arial
FileLength:367112
%EndFont

%BeginFont
Handler:WinTTHandler
FontType:TrueType
FontName:Arial-BoldMT
FamilyName:Arial
StyleName:Bold
MenuName:Arial
StyleBits:2
WeightClass:700
WidthClass:5
AngleClass:0
FullName:Arial Bold
WritingScript:Roman
WinName:Arial Bold
FileLength:352224
%EndFont

%BeginFont
Handler:WinTTHandler
FontType:TrueType
FontName:Arial-BoldItalicMT
FamilyName:Arial
StyleName:Bold Italic
MenuName:Arial
StyleBits:3
WeightClass:700
WidthClass:5
AngleClass:1
FullName:Arial Bold Italic
WritingScript:Roman
WinName:Arial Bold Italic
FileLength:226748
%EndFont

%BeginFont
Handler:WinTTHandler
FontType:TrueType
FontName:Arial-ItalicMT
FamilyName:Arial
StyleName:Italic
MenuName:Arial
StyleBits:1
WeightClass:400
WidthClass:5
AngleClass:1
FullName:Arial Italic
WritingScript:Roman
WinName:Arial Italic
FileLength:207808
%EndFont

%BeginFont
Handler:WinTTHandler
FontType:TrueType
FontName:CourierNewPSMT
FamilyName:Courier New
StyleName:Regular
MenuName:Courier New
StyleBits:0
WeightClass:400
WidthClass:5
AngleClass:0
FullName:Courier New
WritingScript:Roman
WinName:Courier New
FileLength:303296
%EndFont

%BeginFont
Handler:WinTTHandler
FontType:TrueType
FontName:CourierNewPS-BoldMT
FamilyName:Courier New
StyleName:Bold
MenuName:Courier New
StyleBits:2
WeightClass:700
WidthClass:5
AngleClass:0
FullName:Courier New Bold
WritingScript:Roman
WinName:Courier New Bold
FileLength:312920
%EndFont

%BeginFont
Handler:WinTTHandler
FontType:TrueType
FontName:CourierNewPS-BoldItalicMT
FamilyName:Courier New
StyleName:Bold Italic
MenuName:Courier New
StyleBits:3
WeightClass:700
WidthClass:5
AngleClass:1
FullName:Courier New Bold Italic
WritingScript:Roman
WinName:Courier New Bold Italic
FileLength:236148
%EndFont

%BeginFont
Handler:WinTTHandler
FontType:TrueType
FontName:CourierNewPS-ItalicMT
FamilyName:Courier New
StyleName:Italic
MenuName:Courier New
StyleBits:1
WeightClass:400
WidthClass:5
AngleClass:1
FullName:Courier New Italic
WritingScript:Roman
WinName:Courier New Italic
FileLength:245032
%EndFont

%BeginFont
Handler:WinTTHandler
FontType:TrueType
FontName:LucidaConsole
FamilyName:Lucida Console
StyleName:Regular
MenuName:Lucida Console
StyleBits:0
WeightClass:400
WidthClass:4
AngleClass:0
FullName:Lucida Console
WritingScript:Roman
WinName:Lucida Console
FileLength:115068
%EndFont

%BeginFont
Handler:WinTTHandler
FontType:TrueType
FontName:LucidaSansUnicode
FamilyName:Lucida Sans Unicode
StyleName:Regular
MenuName:Lucida Sans Unicode
StyleBits:0
WeightClass:400
WidthClass:5
AngleClass:0
FullName:Lucida Sans Unicode
WritingScript:Roman
WinName:Lucida Sans Unicode
FileLength:323980
%EndFont

%BeginFont
Handler:WinTTHandler
FontType:TrueType
FontName:TimesNewRomanPSMT
FamilyName:Times New Roman
StyleName:Regular
MenuName:Times New Roman
StyleBits:0
WeightClass:400
WidthClass:5
AngleClass:0
FullName:Times New Roman
WritingScript:Roman
WinName:Times New Roman
FileLength:409280
%EndFont

%BeginFont
Handler:WinTTHandler
FontType:TrueType
FontName:TimesNewRomanPS-BoldMT
FamilyName:Times New Roman
StyleName:Bold
MenuName:Times New Roman
StyleBits:2
WeightClass:700
WidthClass:5
AngleClass:0
FullName:Times New Roman Bold
WritingScript:Roman
WinName:Times New Roman Bold
FileLength:398372
%EndFont

%BeginFont
Handler:WinTTHandler
FontType:TrueType
FontName:TimesNewRomanPS-BoldItalicMT
FamilyName:Times New Roman
StyleName:Bold Italic
MenuName:Times New Roman
StyleBits:3
WeightClass:700
WidthClass:5
AngleClass:1
FullName:Times New Roman Bold Italic
WritingScript:Roman
WinName:Times New Roman Bold Italic
FileLength:239692
%EndFont

%BeginFont
Handler:WinTTHandler
FontType:TrueType
FontName:TimesNewRomanPS-ItalicMT
FamilyName:Times New Roman
StyleName:Italic
MenuName:Times New Roman
StyleBits:1
WeightClass:400
WidthClass:5
AngleClass:1
FullName:Times New Roman Italic
WritingScript:Roman
WinName:Times New Roman Italic
FileLength:248368
%EndFont

%BeginFont
Handler:WinTTHandler
FontType:TrueType
FontName:Wingdings-Regular
FamilyName:Wingdings
StyleName:Regular
MenuName:Wingdings
StyleBits:0
WeightClass:400
WidthClass:5
AngleClass:0
FullName:Wingdings
WritingScript:Roman
WinName:Wingdings
FileLength:81000
%EndFont

%BeginFont
Handler:WinTTHandler
FontType:TrueType
FontName:SymbolMT
FamilyName:Symbol
StyleName:Regular
MenuName:Symbol
StyleBits:0
WeightClass:400
WidthClass:5
AngleClass:0
FullName:Symbol
WritingScript:Roman
WinName:Symbol
FileLength:69464
%EndFont

%BeginFont
Handler:WinTTHandler
FontType:TrueType
FontName:Verdana
FamilyName:Verdana
StyleName:Regular
MenuName:Verdana
StyleBits:0
WeightClass:400
WidthClass:5
AngleClass:0
FullName:Verdana
WritingScript:Roman
WinName:Verdana
FileLength:171792
%EndFont

%BeginFont
Handler:WinTTHandler
FontType:TrueType
FontName:Verdana-Bold
FamilyName:Verdana
StyleName:Bold
MenuName:Verdana
StyleBits:2
WeightClass:700
WidthClass:5
AngleClass:0
FullName:Verdana Bold
WritingScript:Roman
WinName:Verdana Bold
FileLength:137616
%EndFont

%BeginFont
Handler:WinTTHandler
FontType:TrueType
FontName:Verdana-Italic
FamilyName:Verdana
StyleName:Italic
MenuName:Verdana
StyleBits:1
WeightClass:400
WidthClass:5
AngleClass:1
FullName:Verdana Italic
WritingScript:Roman
WinName:Verdana Italic
FileLength:155076
%EndFont

%BeginFont
Handler:WinTTHandler
FontType:TrueType
FontName:Verdana-BoldItalic
FamilyName:Verdana
StyleName:Bold Italic
MenuName:Verdana
StyleBits:3
WeightClass:700
WidthClass:5
AngleClass:1
FullName:Verdana Bold Italic
WritingScript:Roman
WinName:Verdana Bold Italic
FileLength:154800
%EndFont

%BeginFont
Handler:WinTTHandler
FontType:TrueType
FontName:Arial-Black
FamilyName:Arial
StyleName:Black
MenuName:Arial Black
StyleBits:0
WeightClass:900
WidthClass:5
AngleClass:0
FullName:Arial Black
WritingScript:Roman
WinName:Arial Black
FileLength:118832
%EndFont

%BeginFont
Handler:WinTTHandler
FontType:TrueType
FontName:ComicSansMS
FamilyName:Comic Sans MS
StyleName:Regular
MenuName:Comic Sans MS
StyleBits:0
WeightClass:400
WidthClass:5
AngleClass:0
FullName:Comic Sans MS
WritingScript:Roman
WinName:Comic Sans MS
FileLength:127596
%EndFont

%BeginFont
Handler:WinTTHandler
FontType:TrueType
FontName:ComicSansMS-Bold
FamilyName:Comic Sans MS
StyleName:Bold
MenuName:Comic Sans MS
StyleBits:2
WeightClass:700
WidthClass:5
AngleClass:0
FullName:Comic Sans MS Bold
WritingScript:Roman
WinName:Comic Sans MS Bold
FileLength:111476
%EndFont

%BeginFont
Handler:WinTTHandler
FontType:TrueType
FontName:Impact
FamilyName:Impact
StyleName:Regular
MenuName:Impact
StyleBits:0
WeightClass:400
WidthClass:3
AngleClass:0
FullName:Impact
WritingScript:Roman
WinName:Impact
FileLength:137448
%EndFont

%BeginFont
Handler:WinTTHandler
FontType:TrueType
FontName:Georgia
FamilyName:Georgia
StyleName:Regular
MenuName:Georgia
StyleBits:0
WeightClass:400
WidthClass:5
AngleClass:0
FullName:Georgia
WritingScript:Roman
WinName:Georgia
FileLength:155068
%EndFont

%BeginFont
Handler:WinTTHandler
FontType:TrueType
FontName:Georgia-Bold
FamilyName:Georgia
StyleName:Bold
MenuName:Georgia
StyleBits:2
WeightClass:700
WidthClass:5
AngleClass:0
FullName:Georgia Bold
WritingScript:Roman
WinName:Georgia Bold
FileLength:141032
%EndFont

%BeginFont
Handler:WinTTHandler
FontType:TrueType
FontName:Georgia-BoldItalic
FamilyName:Georgia
StyleName:Bold Italic
MenuName:Georgia
StyleBits:3
WeightClass:700
WidthClass:5
AngleClass:1
FullName:Georgia Bold Italic
WritingScript:Roman
WinName:Georgia Bold Italic
FileLength:159736
%EndFont

%BeginFont
Handler:WinTTHandler
FontType:TrueType
FontName:Georgia-Italic
FamilyName:Georgia
StyleName:Italic
MenuName:Georgia
StyleBits:1
WeightClass:400
WidthClass:5
AngleClass:1
FullName:Georgia Italic
WritingScript:Roman
WinName:Georgia Italic
FileLength:157388
%EndFont

%BeginFont
Handler:WinTTHandler
FontType:TrueType
FontName:FranklinGothic-Medium
FamilyName:Franklin Gothic Medium
StyleName:Regular
MenuName:Franklin Gothic Medium
StyleBits:0
WeightClass:400
WidthClass:5
AngleClass:0
FullName:Franklin Gothic Medium
WritingScript:Roman
WinName:Franklin Gothic Medium
FileLength:135984
%EndFont

%BeginFont
Handler:WinTTHandler
FontType:TrueType
FontName:FranklinGothic-MediumItalic
FamilyName:Franklin Gothic Medium
StyleName:Italic
MenuName:Franklin Gothic Medium
StyleBits:1
WeightClass:400
WidthClass:5
AngleClass:1
FullName:Franklin Gothic Medium Italic
WritingScript:Roman
WinName:Franklin Gothic Medium Italic
FileLength:152844
%EndFont

%BeginFont
Handler:WinTTHandler
FontType:TrueType
FontName:PalatinoLinotype-Roman
FamilyName:Palatino Linotype
StyleName:Regular
MenuName:Palatino Linotype
StyleBits:0
WeightClass:400
WidthClass:5
AngleClass:0
FullName:Palatino Linotype
WritingScript:Roman
WinName:Palatino Linotype
FileLength:489884
%EndFont

%BeginFont
Handler:WinTTHandler
FontType:TrueType
FontName:PalatinoLinotype-Bold
FamilyName:Palatino Linotype
StyleName:Bold
MenuName:Palatino Linotype
StyleBits:2
WeightClass:700
WidthClass:5
AngleClass:0
FullName:Palatino Linotype Bold
WritingScript:Roman
WinName:Palatino Linotype Bold
FileLength:434004
%EndFont

%BeginFont
Handler:WinTTHandler
FontType:TrueType
FontName:PalatinoLinotype-BoldItalic
FamilyName:Palatino Linotype
StyleName:Bold Italic
MenuName:Palatino Linotype
StyleBits:3
WeightClass:700
WidthClass:5
AngleClass:1
FullName:Palatino Linotype Bold Italic
WritingScript:Roman
WinName:Palatino Linotype Bold Italic
FileLength:344288
%EndFont

%BeginFont
Handler:WinTTHandler
FontType:TrueType
FontName:PalatinoLinotype-Italic
FamilyName:Palatino Linotype
StyleName:Italic
MenuName:Palatino Linotype
StyleBits:1
WeightClass:400
WidthClass:5
AngleClass:1
FullName:Palatino Linotype Italic
WritingScript:Roman
WinName:Palatino Linotype Italic
FileLength:430800
%EndFont

%BeginFont
Handler:WinTTHandler
FontType:TrueType
FontName:Tahoma-Bold
FamilyName:Tahoma
StyleName:Bold
MenuName:Tahoma
StyleBits:2
WeightClass:700
WidthClass:5
AngleClass:0
FullName:Tahoma Bold
WritingScript:Roman
WinName:Tahoma Bold
FileLength:355680
%EndFont

%BeginFont
Handler:WinTTHandler
FontType:TrueType
FontName:Tahoma
FamilyName:Tahoma
StyleName:Regular
MenuName:Tahoma
StyleBits:0
WeightClass:400
WidthClass:5
AngleClass:0
FullName:Tahoma
WritingScript:Roman
WinName:Tahoma
FileLength:383804
%EndFont

%BeginFont
Handler:WinTTHandler
FontType:TrueType
FontName:TrebuchetMS
FamilyName:Trebuchet MS
StyleName:Regular
MenuName:Trebuchet MS
StyleBits:0
WeightClass:400
WidthClass:5
AngleClass:0
FullName:Trebuchet MS
WritingScript:Roman
WinName:Trebuchet MS
FileLength:134108
%EndFont

%BeginFont
Handler:WinTTHandler
FontType:TrueType
FontName:TrebuchetMS-Bold
FamilyName:Trebuchet MS
StyleName:Bold
MenuName:Trebuchet MS
StyleBits:2
WeightClass:700
WidthClass:5
AngleClass:0
FullName:Trebuchet MS Bold
WritingScript:Roman
WinName:Trebuchet MS Bold
FileLength:123096
%EndFont

%BeginFont
Handler:WinTTHandler
FontType:TrueType
FontName:Trebuchet-BoldItalic
FamilyName:Trebuchet MS
StyleName:Bold Italic
MenuName:Trebuchet MS
StyleBits:3
WeightClass:700
WidthClass:5
AngleClass:1
FullName:Trebuchet MS Bold Italic
WritingScript:Roman
WinName:Trebuchet MS Bold Italic
FileLength:131188
%EndFont

%BeginFont
Handler:WinTTHandler
FontType:TrueType
FontName:TrebuchetMS-Italic
FamilyName:Trebuchet MS
StyleName:Italic
MenuName:Trebuchet MS
StyleBits:1
WeightClass:400
WidthClass:5
AngleClass:1
FullName:Trebuchet MS Italic
WritingScript:Roman
WinName:Trebuchet MS Italic
FileLength:139288
%EndFont

%BeginFont
Handler:WinTTHandler
FontType:TrueType
FontName:Webdings
FamilyName:Webdings
StyleName:Regular
MenuName:Webdings
StyleBits:0
WeightClass:400
WidthClass:5
AngleClass:0
FullName:Webdings
WritingScript:Roman
WinName:Webdings
FileLength:118752
%EndFont

%BeginFont
Handler:WinTTHandler
FontType:TrueType
FontName:EstrangeloEdessa
FamilyName:Estrangelo Edessa
StyleName:Regular
MenuName:Estrangelo Edessa
StyleBits:0
WeightClass:400
WidthClass:5
AngleClass:0
FullName:Estrangelo Edessa
WritingScript:Roman
WinName:Estrangelo Edessa
FileLength:79744
%EndFont

%BeginFont
Handler:WinTTHandler
FontType:TrueType
FontName:Gautami
FamilyName:Gautami
StyleName:Regular
MenuName:Gautami
StyleBits:0
WeightClass:400
WidthClass:5
AngleClass:0
FullName:Gautami
WritingScript:Roman
WinName:Gautami
FileLength:214936
%EndFont

%BeginFont
Handler:WinTTHandler
FontType:TrueType
FontName:Latha
FamilyName:Latha
StyleName:Regular
MenuName:Latha
StyleBits:0
WeightClass:400
WidthClass:5
AngleClass:0
FullName:Latha
WritingScript:Roman
WinName:Latha
FileLength:73292
%EndFont

%BeginFont
Handler:WinTTHandler
FontType:TrueType
FontName:Mangal-Regular
FamilyName:Mangal
StyleName:Regular
MenuName:Mangal
StyleBits:0
WeightClass:400
WidthClass:5
AngleClass:0
FullName:Mangal
WritingScript:Roman
WinName:Mangal
FileLength:143864
%EndFont

%BeginFont
Handler:WinTTHandler
FontType:TrueType
FontName:MVBoli
FamilyName:MV Boli
StyleName:Regular
MenuName:MV Boli
StyleBits:0
WeightClass:400
WidthClass:5
AngleClass:1
FullName:MV Boli
WritingScript:Roman
WinName:MV Boli
FileLength:40500
%EndFont

%BeginFont
Handler:WinTTHandler
FontType:TrueType
FontName:Raavi
FamilyName:Raavi
StyleName:Regular
MenuName:Raavi
StyleBits:0
WeightClass:400
WidthClass:5
AngleClass:0
FullName:Raavi
WritingScript:Roman
WinName:Raavi
FileLength:57348
%EndFont

%BeginFont
Handler:WinTTHandler
FontType:TrueType
FontName:Shruti
FamilyName:Shruti
StyleName:Regular
MenuName:Shruti
StyleBits:0
WeightClass:400
WidthClass:5
AngleClass:0
FullName:Shruti
WritingScript:Roman
WinName:Shruti
FileLength:234280
%EndFont

%BeginFont
Handler:WinTTHandler
FontType:TrueType
FontName:Tunga-Regular
FamilyName:Tunga
StyleName:Regular
MenuName:Tunga
StyleBits:0
WeightClass:400
WidthClass:5
AngleClass:0
FullName:Tunga
WritingScript:Roman
WinName:Tunga
FileLength:148624
%EndFont

%BeginFont
Handler:WinTTHandler
FontType:TrueType
FontName:Sylfaen
FamilyName:Sylfaen
StyleName:Regular
MenuName:Sylfaen
StyleBits:0
WeightClass:400
WidthClass:5
AngleClass:0
FullName:Sylfaen
WritingScript:Roman
WinName:Sylfaen
FileLength:221676
%EndFont

%BeginFont
Handler:WinTTHandler
FontType:TrueType
FontName:Gulim
FamilyName:Gulim
StyleName:Regular
MenuName:굴림
StyleBits:0
WeightClass:400
WidthClass:5
AngleClass:0
FullName:Gulim
FamilyNameNative:굴림
StyleNameNative:Regular
FullNameNative:굴림
WritingScript:Korean
WinName:굴림
FileLength:13518660
%EndFont

%BeginFont
Handler:WinTTHandler
FontType:TrueType
FontName:GulimChe
FamilyName:GulimChe
StyleName:Regular
MenuName:굴림체
StyleBits:0
WeightClass:400
WidthClass:5
AngleClass:0
FullName:GulimChe
FamilyNameNative:굴림체
StyleNameNative:Regular
FullNameNative:굴림체 Regular
WritingScript:Korean
WinName:굴림체
FileLength:13518660
%EndFont

%BeginFont
Handler:WinTTHandler
FontType:TrueType
FontName:Dotum
FamilyName:Dotum
StyleName:Regular
MenuName:돋움
StyleBits:0
WeightClass:400
WidthClass:5
AngleClass:0
FullName:Dotum
FamilyNameNative:돋움
StyleNameNative:Regular
FullNameNative:돋움
WritingScript:Korean
WinName:돋움
FileLength:13518660
%EndFont

%BeginFont
Handler:WinTTHandler
FontType:TrueType
FontName:DotumChe
FamilyName:DotumChe
StyleName:Regular
MenuName:돋움체
StyleBits:0
WeightClass:400
WidthClass:5
AngleClass:0
FullName:DotumChe
FamilyNameNative:돋움체
StyleNameNative:Regular
FullNameNative:돋움체 Regular
WritingScript:Korean
WinName:돋움체
FileLength:13518660
%EndFont

%BeginFont
Handler:WinTTHandler
FontType:TrueType
FontName:Batang
FamilyName:Batang
StyleName:Regular
MenuName:바탕
StyleBits:0
WeightClass:400
WidthClass:5
AngleClass:0
FullName:Batang
FamilyNameNative:바탕
StyleNameNative:Regular
FullNameNative:바탕
WritingScript:Korean
WinName:바탕
FileLength:16258580
%EndFont

%BeginFont
Handler:WinTTHandler
FontType:TrueType
FontName:BatangChe
FamilyName:BatangChe
StyleName:Medium
MenuName:바탕체
StyleBits:0
WeightClass:400
WidthClass:5
AngleClass:0
FullName:BatangChe
FamilyNameNative:바탕체
StyleNameNative:Medium
FullNameNative:바탕체 Medium
WritingScript:Korean
WinName:바탕체
FileLength:16258580
%EndFont

%BeginFont
Handler:WinTTHandler
FontType:TrueType
FontName:Gungsuh
FamilyName:Gungsuh
StyleName:Regular
MenuName:궁서
StyleBits:0
WeightClass:400
WidthClass:5
AngleClass:0
FullName:Gungsuh
FamilyNameNative:궁서
StyleNameNative:Regular
FullNameNative:궁서
WritingScript:Korean
WinName:궁서
FileLength:16258580
%EndFont

%BeginFont
Handler:WinTTHandler
FontType:TrueType
FontName:GungsuhChe
FamilyName:GungsuhChe
StyleName:Regular
MenuName:궁서체
StyleBits:0
WeightClass:400
WidthClass:5
AngleClass:0
FullName:GungsuhChe
FamilyNameNative:궁서체
StyleNameNative:Regular
FullNameNative:궁서체 Regular
WritingScript:Korean
WinName:궁서체
FileLength:16258580
%EndFont

%BeginFont
Handler:WinTTHandler
FontType:TrueType
FontName:MicrosoftSansSerif
FamilyName:Microsoft Sans Serif
StyleName:Regular
MenuName:Microsoft Sans Serif
StyleBits:0
WeightClass:400
WidthClass:5
AngleClass:0
FullName:Microsoft Sans Serif
WritingScript:Roman
WinName:Microsoft Sans Serif
FileLength:461672
%EndFont

%BeginFont
Handler:WinTTHandler
FontType:TrueType
FontName:MS-Mincho
FamilyName:MS Mincho
StyleName:Regular
MenuName:MS Mincho
StyleBits:0
WeightClass:400
WidthClass:5
AngleClass:0
FullName:MS Mincho
FamilyNameNative:ＭＳ 明朝
StyleNameNative:標準
FullNameNative:ＭＳ 明朝
WritingScript:Japanese
WinName:MS Mincho
FileLength:9135960
%EndFont

%BeginFont
Handler:WinTTHandler
FontType:TrueType
FontName:MS-PMincho
FamilyName:MS PMincho
StyleName:Regular
MenuName:MS PMincho
StyleBits:0
WeightClass:400
WidthClass:5
AngleClass:0
FullName:MS PMincho
FamilyNameNative:ＭＳ Ｐ明朝
StyleNameNative:標準
FullNameNative:ＭＳ Ｐ明朝
WritingScript:Japanese
WinName:MS PMincho
FileLength:9135960
%EndFont

%BeginFont
Handler:WinTTHandler
FontType:TrueType
FontName:MS-Gothic
FamilyName:MS Gothic
StyleName:Regular
MenuName:MS Gothic
StyleBits:0
WeightClass:400
WidthClass:5
AngleClass:0
FullName:MS Gothic
FamilyNameNative:ＭＳ ゴシック
StyleNameNative:標準
FullNameNative:ＭＳ ゴシック
WritingScript:Japanese
WinName:MS Gothic
FileLength:8272028
%EndFont

%BeginFont
Handler:WinTTHandler
FontType:TrueType
FontName:MS-PGothic
FamilyName:MS PGothic
StyleName:Regular
MenuName:MS PGothic
StyleBits:0
WeightClass:400
WidthClass:5
AngleClass:0
FullName:MS PGothic
FamilyNameNative:ＭＳ Ｐゴシック
StyleNameNative:標準
FullNameNative:ＭＳ Ｐゴシック
WritingScript:Japanese
WinName:MS PGothic
FileLength:8272028
%EndFont

%BeginFont
Handler:WinTTHandler
FontType:TrueType
FontName:MS-UIGothic
FamilyName:MS UI Gothic
StyleName:Regular
MenuName:MS UI Gothic
StyleBits:0
WeightClass:400
WidthClass:5
AngleClass:0
FullName:MS UI Gothic
FamilyNameNative:MS UI Gothic
StyleNameNative:標準
FullNameNative:MS UI Gothic 標準
WritingScript:Japanese
WinName:MS UI Gothic
FileLength:8272028
%EndFont

%BeginFont
Handler:WinTTHandler
FontType:TrueType
FontName:SimSun
FamilyName:SimSun
StyleName:Regular
MenuName:SimSun
StyleBits:0
WeightClass:400
WidthClass:5
AngleClass:0
FullName:SimSun
FamilyNameNative:宋体
StyleNameNative:Regular
FullNameNative:宋体
WritingScript:SimplifiedChinese
WinName:SimSun
FileLength:10512288
%EndFont

%BeginFont
Handler:WinTTHandler
FontType:TrueType
FontName:NSimSun
FamilyName:NSimSun
StyleName:Regular
MenuName:NSimSun
StyleBits:0
WeightClass:400
WidthClass:5
AngleClass:0
FullName:NSimSun
FamilyNameNative:新宋体
StyleNameNative:Regular
FullNameNative:新宋体
WritingScript:SimplifiedChinese
WinName:NSimSun
FileLength:10512288
%EndFont

%BeginFont
Handler:WinTTHandler
FontType:TrueType
FontName:SimSun-PUA
FamilyName:SimSun-PUA
StyleName:Regular
MenuName:SimSun-PUA
StyleBits:0
WeightClass:400
WidthClass:5
AngleClass:0
FullName:SimSun-PUA
FamilyNameNative:宋体-PUA
StyleNameNative:Regular
FullNameNative:宋体-PUA
WritingScript:SimplifiedChinese
WinName:SimSun-PUA
FileLength:10512288
%EndFont

%BeginFont
Handler:WinTTHandler
FontType:TrueType
FontName:SimHei
FamilyName:SimHei
StyleName:Regular
MenuName:SimHei
StyleBits:0
WeightClass:400
WidthClass:5
AngleClass:0
FullName:SimHei
FamilyNameNative:黑体
StyleNameNative:Regular
FullNameNative:黑体
WritingScript:SimplifiedChinese
WinName:SimHei
FileLength:10044356
%EndFont

%BeginFont
Handler:WinTTHandler
FontType:TrueType
FontName:MingLiU
FamilyName:MingLiU
StyleName:Regular
MenuName:MingLiU
StyleBits:0
WeightClass:400
WidthClass:5
AngleClass:0
FullName:MingLiU
FamilyNameNative:細明體
StyleNameNative:Regular
FullNameNative:細明體
WritingScript:TraditionalChinese
WinName:MingLiU
FileLength:8823308
%EndFont

%BeginFont
Handler:WinTTHandler
FontType:TrueType
FontName:PMingLiU
FamilyName:PMingLiU
StyleName:Regular
MenuName:PMingLiU
StyleBits:0
WeightClass:400
WidthClass:5
AngleClass:0
FullName:PMingLiU
FamilyNameNative:新細明體
StyleNameNative:Regular
FullNameNative:新細明體
WritingScript:TraditionalChinese
WinName:PMingLiU
FileLength:8823308
%EndFont

%BeginFont
Handler:WinTTHandler
FontType:TrueType
FontName:ZWAdobeF
FamilyName:ZWAdobeF
StyleName:Regular
MenuName:ZWAdobeF
StyleBits:0
WeightClass:400
WidthClass:5
AngleClass:1
FullName:ZWAdobeF
WritingScript:Roman
WinName:ZWAdobeF
FileLength:6800
%EndFont

