%!Adobe-FontList 1.13
%Locale:0x412

%BeginFont
Handler:DirectoryHandler
FontType:CMap
CMapName:83pv-RKSJ-H
Registry:Adobe
Ordering:Japan1
OutlineFileName:C:\Program Files\Adobe\Acrobat 10.0\Resource\CMap\83pv-RKSJ-H
FileLength:7463
FileModTime:1289822556
%EndFont

%BeginFont
Handler:DirectoryHandler
FontType:CMap
CMapName:90ms-RKSJ-H
Registry:Adobe
Ordering:Japan1
OutlineFileName:C:\Program Files\Adobe\Acrobat 10.0\Resource\CMap\90ms-RKSJ-H
FileLength:6398
FileModTime:1289822554
%EndFont

%BeginFont
Handler:DirectoryHandler
FontType:CMap
CMapName:90ms-RKSJ-UCS2
Registry:Adobe
Ordering:90ms_RKSJ_UCS2
OutlineFileName:C:\Program Files\Adobe\Acrobat 10.0\Resource\CMap\90ms-RKSJ-UCS2
FileLength:112126
FileModTime:1289822556
%EndFont

%BeginFont
Handler:DirectoryHandler
FontType:CMap
CMapName:90ms-RKSJ-V
Registry:Adobe
Ordering:Japan1
UseCMap:90ms-RKSJ-H
OutlineFileName:C:\Program Files\Adobe\Acrobat 10.0\Resource\CMap\90ms-RKSJ-V
FileLength:4454
FileModTime:1289822554
%EndFont

%BeginFont
Handler:DirectoryHandler
FontType:CMap
CMapName:90msp-RKSJ-H
Registry:Adobe
Ordering:Japan1
OutlineFileName:C:\Program Files\Adobe\Acrobat 10.0\Resource\CMap\90msp-RKSJ-H
FileLength:6327
FileModTime:1289822554
%EndFont

%BeginFont
Handler:DirectoryHandler
FontType:CMap
CMapName:90msp-RKSJ-V
Registry:Adobe
Ordering:Japan1
UseCMap:90msp-RKSJ-H
OutlineFileName:C:\Program Files\Adobe\Acrobat 10.0\Resource\CMap\90msp-RKSJ-V
FileLength:4436
FileModTime:1289822554
%EndFont

%BeginFont
Handler:DirectoryHandler
FontType:CMap
CMapName:90pv-RKSJ-H
Registry:Adobe
Ordering:Japan1
OutlineFileName:C:\Program Files\Adobe\Acrobat 10.0\Resource\CMap\90pv-RKSJ-H
FileLength:8239
FileModTime:1289822554
%EndFont

%BeginFont
Handler:DirectoryHandler
FontType:CMap
CMapName:90pv-RKSJ-UCS2
Registry:Adobe
Ordering:90pv_RKSJ_UCS2
UseCMap:90pv-RKSJ-UCS2C
OutlineFileName:C:\Program Files\Adobe\Acrobat 10.0\Resource\CMap\90pv-RKSJ-UCS2
FileLength:1854
FileModTime:1289822556
%EndFont

%BeginFont
Handler:DirectoryHandler
FontType:CMap
CMapName:90pv-RKSJ-UCS2C
Registry:Adobe
Ordering:90pv_RKSJ_UCS2C
OutlineFileName:C:\Program Files\Adobe\Acrobat 10.0\Resource\CMap\90pv-RKSJ-UCS2C
FileLength:102591
FileModTime:1289822558
%EndFont

%BeginFont
Handler:DirectoryHandler
FontType:CMap
CMapName:Add-RKSJ-H
Registry:Adobe
Ordering:Japan1
OutlineFileName:C:\Program Files\Adobe\Acrobat 10.0\Resource\CMap\Add-RKSJ-H
FileLength:15845
FileModTime:1289822556
%EndFont

%BeginFont
Handler:DirectoryHandler
FontType:CMap
CMapName:Add-RKSJ-V
Registry:Adobe
Ordering:Japan1
UseCMap:Add-RKSJ-H
OutlineFileName:C:\Program Files\Adobe\Acrobat 10.0\Resource\CMap\Add-RKSJ-V
FileLength:4027
FileModTime:1289822556
%EndFont

%BeginFont
Handler:DirectoryHandler
FontType:CMap
CMapName:Adobe-Japan1-0
Registry:Adobe
Ordering:Japan1
OutlineFileName:C:\Program Files\Adobe\Acrobat 10.0\Resource\CMap\Adobe-Japan1-0
FileLength:3523
FileModTime:1289822558
%EndFont

%BeginFont
Handler:DirectoryHandler
FontType:CMap
CMapName:Adobe-Japan1-1
Registry:Adobe
Ordering:Japan1
OutlineFileName:C:\Program Files\Adobe\Acrobat 10.0\Resource\CMap\Adobe-Japan1-1
FileLength:3524
FileModTime:1289822558
%EndFont

%BeginFont
Handler:DirectoryHandler
FontType:CMap
CMapName:Adobe-Japan1-2
Registry:Adobe
Ordering:Japan1
OutlineFileName:C:\Program Files\Adobe\Acrobat 10.0\Resource\CMap\Adobe-Japan1-2
FileLength:3564
FileModTime:1289822558
%EndFont

%BeginFont
Handler:DirectoryHandler
FontType:CMap
CMapName:Adobe-Japan1-3
Registry:Adobe
Ordering:Japan1
OutlineFileName:C:\Program Files\Adobe\Acrobat 10.0\Resource\CMap\Adobe-Japan1-3
FileLength:3575
FileModTime:1289822558
%EndFont

%BeginFont
Handler:DirectoryHandler
FontType:CMap
CMapName:Adobe-Japan1-4
Registry:Adobe
Ordering:Japan1
OutlineFileName:C:\Program Files\Adobe\Acrobat 10.0\Resource\CMap\Adobe-Japan1-4
FileLength:4077
FileModTime:1289822558
%EndFont

%BeginFont
Handler:DirectoryHandler
FontType:CMap
CMapName:Adobe-Japan1-5
Registry:Adobe
Ordering:Japan1
OutlineFileName:C:\Program Files\Adobe\Acrobat 10.0\Resource\CMap\Adobe-Japan1-5
FileLength:4476
FileModTime:1289822558
%EndFont

%BeginFont
Handler:DirectoryHandler
FontType:CMap
CMapName:Adobe-Japan1-6
Registry:Adobe
Ordering:Japan1
OutlineFileName:C:\Program Files\Adobe\Acrobat 10.0\Resource\CMap\Adobe-Japan1-6
FileLength:4707
FileModTime:1289822558
%EndFont

%BeginFont
Handler:DirectoryHandler
FontType:CMap
CMapName:Adobe-Japan1-90ms-RKSJ
Registry:Adobe
Ordering:Adobe_Japan1_90ms_RKSJ
OutlineFileName:C:\Program Files\Adobe\Acrobat 10.0\Resource\CMap\Adobe-Japan1-90ms-RKSJ
FileLength:6353
FileModTime:1289822556
%EndFont

%BeginFont
Handler:DirectoryHandler
FontType:CMap
CMapName:Adobe-Japan1-90pv-RKSJ
Registry:Adobe
Ordering:Adobe_Japan1_90pv_RKSJ
OutlineFileName:C:\Program Files\Adobe\Acrobat 10.0\Resource\CMap\Adobe-Japan1-90pv-RKSJ
FileLength:8442
FileModTime:1289822554
%EndFont

%BeginFont
Handler:DirectoryHandler
FontType:CMap
CMapName:Adobe-Japan1-H-CID
Registry:Adobe
Ordering:Adobe_Japan1_H_CID
OutlineFileName:C:\Program Files\Adobe\Acrobat 10.0\Resource\CMap\Adobe-Japan1-H-CID
FileLength:2291
FileModTime:1289822556
%EndFont

%BeginFont
Handler:DirectoryHandler
FontType:CMap
CMapName:Adobe-Japan1-H-Host
Registry:Adobe
Ordering:Adobe_Japan1_H_Host
OutlineFileName:C:\Program Files\Adobe\Acrobat 10.0\Resource\CMap\Adobe-Japan1-H-Host
FileLength:6625
FileModTime:1289822556
%EndFont

%BeginFont
Handler:DirectoryHandler
FontType:CMap
CMapName:Adobe-Japan1-H-Mac
Registry:Adobe
Ordering:Adobe_Japan1_H_Mac
OutlineFileName:C:\Program Files\Adobe\Acrobat 10.0\Resource\CMap\Adobe-Japan1-H-Mac
FileLength:5492
FileModTime:1289822558
%EndFont

%BeginFont
Handler:DirectoryHandler
FontType:CMap
CMapName:Adobe-Japan1-UCS2
Registry:Adobe
Ordering:Adobe_Japan1_UCS2
OutlineFileName:C:\Program Files\Adobe\Acrobat 10.0\Resource\CMap\Adobe-Japan1-UCS2
FileLength:301722
FileModTime:1289822554
%EndFont

%BeginFont
Handler:DirectoryHandler
FontType:CMap
CMapName:Adobe-Korea1-0
Registry:Adobe
Ordering:Korea1
OutlineFileName:C:\Program Files\Adobe\Acrobat 10.0\Resource\CMap\Adobe-Korea1-0
FileLength:3618
FileModTime:1289822554
%EndFont

%BeginFont
Handler:DirectoryHandler
FontType:CMap
CMapName:Adobe-Korea1-1
Registry:Adobe
Ordering:Korea1
OutlineFileName:C:\Program Files\Adobe\Acrobat 10.0\Resource\CMap\Adobe-Korea1-1
FileLength:4309
FileModTime:1289822554
%EndFont

%BeginFont
Handler:DirectoryHandler
FontType:CMap
CMapName:Adobe-Korea1-2
Registry:Adobe
Ordering:Korea1
OutlineFileName:C:\Program Files\Adobe\Acrobat 10.0\Resource\CMap\Adobe-Korea1-2
FileLength:4308
FileModTime:1289822554
%EndFont

%BeginFont
Handler:DirectoryHandler
FontType:CMap
CMapName:Adobe-Korea1-H-CID
Registry:Adobe
Ordering:Adobe_Korea1_H_CID
OutlineFileName:C:\Program Files\Adobe\Acrobat 10.0\Resource\CMap\Adobe-Korea1-H-CID
FileLength:1642
FileModTime:1289822556
%EndFont

%BeginFont
Handler:DirectoryHandler
FontType:CMap
CMapName:Adobe-Korea1-H-Host
Registry:Adobe
Ordering:Adobe_Korea1_H_Host
OutlineFileName:C:\Program Files\Adobe\Acrobat 10.0\Resource\CMap\Adobe-Korea1-H-Host
FileLength:16064
FileModTime:1289822556
%EndFont

%BeginFont
Handler:DirectoryHandler
FontType:CMap
CMapName:Adobe-Korea1-H-Mac
Registry:Adobe
Ordering:Adobe_Korea1_H_Mac
OutlineFileName:C:\Program Files\Adobe\Acrobat 10.0\Resource\CMap\Adobe-Korea1-H-Mac
FileLength:11427
FileModTime:1289822558
%EndFont

%BeginFont
Handler:DirectoryHandler
FontType:CMap
CMapName:Adobe-Korea1-KSCms-UHC
Registry:Adobe
Ordering:Adobe_Korea1_KSCms_UHC
OutlineFileName:C:\Program Files\Adobe\Acrobat 10.0\Resource\CMap\Adobe-Korea1-KSCms-UHC
FileLength:15858
FileModTime:1289822558
%EndFont

%BeginFont
Handler:DirectoryHandler
FontType:CMap
CMapName:Adobe-Korea1-KSCpc-EUC
Registry:Adobe
Ordering:Adobe_Korea1_KSCpc_EUC
OutlineFileName:C:\Program Files\Adobe\Acrobat 10.0\Resource\CMap\Adobe-Korea1-KSCpc-EUC
FileLength:11507
FileModTime:1289822554
%EndFont

%BeginFont
Handler:DirectoryHandler
FontType:CMap
CMapName:Adobe-Korea1-UCS2
Registry:Adobe
Ordering:Adobe_Korea1_UCS2
OutlineFileName:C:\Program Files\Adobe\Acrobat 10.0\Resource\CMap\Adobe-Korea1-UCS2
FileLength:154586
FileModTime:1289822554
%EndFont

%BeginFont
Handler:DirectoryHandler
FontType:CMap
CMapName:EUC-H
Registry:Adobe
Ordering:Japan1
OutlineFileName:C:\Program Files\Adobe\Acrobat 10.0\Resource\CMap\EUC-H
FileLength:5351
FileModTime:1289822554
%EndFont

%BeginFont
Handler:DirectoryHandler
FontType:CMap
CMapName:EUC-V
Registry:Adobe
Ordering:Japan1
UseCMap:EUC-H
OutlineFileName:C:\Program Files\Adobe\Acrobat 10.0\Resource\CMap\EUC-V
FileLength:3397
FileModTime:1289822554
%EndFont

%BeginFont
Handler:DirectoryHandler
FontType:CMap
CMapName:Ext-RKSJ-H
Registry:Adobe
Ordering:Japan1
OutlineFileName:C:\Program Files\Adobe\Acrobat 10.0\Resource\CMap\Ext-RKSJ-H
FileLength:16444
FileModTime:1289822556
%EndFont

%BeginFont
Handler:DirectoryHandler
FontType:CMap
CMapName:Ext-RKSJ-V
Registry:Adobe
Ordering:Japan1
UseCMap:Ext-RKSJ-H
OutlineFileName:C:\Program Files\Adobe\Acrobat 10.0\Resource\CMap\Ext-RKSJ-V
FileLength:3667
FileModTime:1289822556
%EndFont

%BeginFont
Handler:DirectoryHandler
FontType:CMap
CMapName:H
Registry:Adobe
Ordering:Japan1
OutlineFileName:C:\Program Files\Adobe\Acrobat 10.0\Resource\CMap\H
FileLength:5210
FileModTime:1289822554
%EndFont

%BeginFont
Handler:DirectoryHandler
FontType:CMap
CMapName:Identity-H
Registry:Adobe
Ordering:Identity
OutlineFileName:C:\Program Files\Adobe\Acrobat 10.0\Resource\CMap\Identity-H
FileLength:8228
FileModTime:1289822554
%EndFont

%BeginFont
Handler:DirectoryHandler
FontType:CMap
CMapName:Identity-V
Registry:Adobe
Ordering:Identity
UseCMap:Identity-H
OutlineFileName:C:\Program Files\Adobe\Acrobat 10.0\Resource\CMap\Identity-V
FileLength:2761
FileModTime:1289822552
%EndFont

%BeginFont
Handler:DirectoryHandler
FontType:CMap
CMapName:KSC-EUC-H
Registry:Adobe
Ordering:Korea1
OutlineFileName:C:\Program Files\Adobe\Acrobat 10.0\Resource\CMap\KSC-EUC-H
FileLength:12359
FileModTime:1289822556
%EndFont

%BeginFont
Handler:DirectoryHandler
FontType:CMap
CMapName:KSC-EUC-V
Registry:Adobe
Ordering:Korea1
UseCMap:KSC-EUC-H
OutlineFileName:C:\Program Files\Adobe\Acrobat 10.0\Resource\CMap\KSC-EUC-V
FileLength:3199
FileModTime:1289822556
%EndFont

%BeginFont
Handler:DirectoryHandler
FontType:CMap
CMapName:KSCms-UHC-H
Registry:Adobe
Ordering:Korea1
OutlineFileName:C:\Program Files\Adobe\Acrobat 10.0\Resource\CMap\KSCms-UHC-H
FileLength:16785
FileModTime:1289822554
%EndFont

%BeginFont
Handler:DirectoryHandler
FontType:CMap
CMapName:KSCms-UHC-HW-H
Registry:Adobe
Ordering:Korea1
OutlineFileName:C:\Program Files\Adobe\Acrobat 10.0\Resource\CMap\KSCms-UHC-HW-H
FileLength:16780
FileModTime:1289822554
%EndFont

%BeginFont
Handler:DirectoryHandler
FontType:CMap
CMapName:KSCms-UHC-HW-V
Registry:Adobe
Ordering:Korea1
UseCMap:KSCms-UHC-HW-H
OutlineFileName:C:\Program Files\Adobe\Acrobat 10.0\Resource\CMap\KSCms-UHC-HW-V
FileLength:3211
FileModTime:1289822554
%EndFont

%BeginFont
Handler:DirectoryHandler
FontType:CMap
CMapName:KSCms-UHC-UCS2
Registry:Adobe
Ordering:KSCms_UHC_UCS2
OutlineFileName:C:\Program Files\Adobe\Acrobat 10.0\Resource\CMap\KSCms-UHC-UCS2
FileLength:189847
FileModTime:1289822556
%EndFont

%BeginFont
Handler:DirectoryHandler
FontType:CMap
CMapName:KSCms-UHC-V
Registry:Adobe
Ordering:Korea1
UseCMap:KSCms-UHC-H
OutlineFileName:C:\Program Files\Adobe\Acrobat 10.0\Resource\CMap\KSCms-UHC-V
FileLength:3213
FileModTime:1289822554
%EndFont

%BeginFont
Handler:DirectoryHandler
FontType:CMap
CMapName:KSCpc-EUC-H
Registry:Adobe
Ordering:Korea1
OutlineFileName:C:\Program Files\Adobe\Acrobat 10.0\Resource\CMap\KSCpc-EUC-H
FileLength:13232
FileModTime:1289822554
%EndFont

%BeginFont
Handler:DirectoryHandler
FontType:CMap
CMapName:KSCpc-EUC-UCS2
Registry:Adobe
Ordering:KSCpc_EUC_UCS2
UseCMap:KSCpc-EUC-UCS2C
OutlineFileName:C:\Program Files\Adobe\Acrobat 10.0\Resource\CMap\KSCpc-EUC-UCS2
FileLength:16328
FileModTime:1289822554
%EndFont

%BeginFont
Handler:DirectoryHandler
FontType:CMap
CMapName:KSCpc-EUC-UCS2C
Registry:Adobe
Ordering:KSCpc_EUC_UCS2C
OutlineFileName:C:\Program Files\Adobe\Acrobat 10.0\Resource\CMap\KSCpc-EUC-UCS2C
FileLength:156825
FileModTime:1289822554
%EndFont

%BeginFont
Handler:DirectoryHandler
FontType:CMap
CMapName:UCS2-90ms-RKSJ
Registry:Adobe
Ordering:UCS2_90ms_RKSJ
OutlineFileName:C:\Program Files\Adobe\Acrobat 10.0\Resource\CMap\UCS2-90ms-RKSJ
FileLength:155399
FileModTime:1289822554
%EndFont

%BeginFont
Handler:DirectoryHandler
FontType:CMap
CMapName:UCS2-90pv-RKSJ
Registry:Adobe
Ordering:UCS2_90pv_RKSJ
OutlineFileName:C:\Program Files\Adobe\Acrobat 10.0\Resource\CMap\UCS2-90pv-RKSJ
FileLength:148339
FileModTime:1289822556
%EndFont

%BeginFont
Handler:DirectoryHandler
FontType:CMap
CMapName:UCS2-GBK-EUC
Registry:Adobe
Ordering:UCS2_GBK_EUC
OutlineFileName:C:\Program Files\Adobe\Acrobat 10.0\Resource\CMap\UCS2-GBK-EUC
FileLength:243835
FileModTime:1289822558
%EndFont

%BeginFont
Handler:DirectoryHandler
FontType:CMap
CMapName:UCS2-KSCms-UHC
Registry:Adobe
Ordering:UCS2_KCSms_UHC
OutlineFileName:C:\Program Files\Adobe\Acrobat 10.0\Resource\CMap\UCS2-KSCms-UHC
FileLength:196449
FileModTime:1289822556
%EndFont

%BeginFont
Handler:DirectoryHandler
FontType:CMap
CMapName:UCS2-KSCpc-EUC
Registry:Adobe
Ordering:UCS2_KSCpc_EUC
OutlineFileName:C:\Program Files\Adobe\Acrobat 10.0\Resource\CMap\UCS2-KSCpc-EUC
FileLength:153399
FileModTime:1289822558
%EndFont

%BeginFont
Handler:DirectoryHandler
FontType:CMap
CMapName:UniJIS-UCS2-H
Registry:Adobe
Ordering:Japan1
OutlineFileName:C:\Program Files\Adobe\Acrobat 10.0\Resource\CMap\UniJIS-UCS2-H
FileLength:177536
FileModTime:1289822554
%EndFont

%BeginFont
Handler:DirectoryHandler
FontType:CMap
CMapName:UniJIS-UCS2-HW-H
Registry:Adobe
Ordering:Japan1
UseCMap:UniJIS-UCS2-H
OutlineFileName:C:\Program Files\Adobe\Acrobat 10.0\Resource\CMap\UniJIS-UCS2-HW-H
FileLength:2970
FileModTime:1289822556
%EndFont

%BeginFont
Handler:DirectoryHandler
FontType:CMap
CMapName:UniJIS-UCS2-HW-V
Registry:Adobe
Ordering:Japan1
UseCMap:UniJIS-UCS2-H
OutlineFileName:C:\Program Files\Adobe\Acrobat 10.0\Resource\CMap\UniJIS-UCS2-HW-V
FileLength:6939
FileModTime:1289822556
%EndFont

%BeginFont
Handler:DirectoryHandler
FontType:CMap
CMapName:UniJIS-UCS2-V
Registry:Adobe
Ordering:Japan1
UseCMap:UniJIS-UCS2-H
OutlineFileName:C:\Program Files\Adobe\Acrobat 10.0\Resource\CMap\UniJIS-UCS2-V
FileLength:6853
FileModTime:1289822554
%EndFont

%BeginFont
Handler:DirectoryHandler
FontType:CMap
CMapName:UniJIS-UTF16-H
Registry:Adobe
Ordering:Japan1
OutlineFileName:C:\Program Files\Adobe\Acrobat 10.0\Resource\CMap\UniJIS-UTF16-H
FileLength:202173
FileModTime:1289822554
%EndFont

%BeginFont
Handler:DirectoryHandler
FontType:CMap
CMapName:UniJIS-UTF16-V
Registry:Adobe
Ordering:Japan1
UseCMap:UniJIS-UTF16-H
OutlineFileName:C:\Program Files\Adobe\Acrobat 10.0\Resource\CMap\UniJIS-UTF16-V
FileLength:6061
FileModTime:1289822554
%EndFont

%BeginFont
Handler:DirectoryHandler
FontType:CMap
CMapName:UniJIS2004-UTF16-H
Registry:Adobe
Ordering:Japan1
OutlineFileName:C:\Program Files\Adobe\Acrobat 10.0\Resource\CMap\UniJIS2004-UTF16-H
FileLength:202256
FileModTime:1289822554
%EndFont

%BeginFont
Handler:DirectoryHandler
FontType:CMap
CMapName:UniJIS2004-UTF16-V
Registry:Adobe
Ordering:Japan1
UseCMap:UniJIS2004-UTF16-H
OutlineFileName:C:\Program Files\Adobe\Acrobat 10.0\Resource\CMap\UniJIS2004-UTF16-V
FileLength:6085
FileModTime:1289822554
%EndFont

%BeginFont
Handler:DirectoryHandler
FontType:CMap
CMapName:UniKS-UCS2-H
Registry:Adobe
Ordering:Korea1
OutlineFileName:C:\Program Files\Adobe\Acrobat 10.0\Resource\CMap\UniKS-UCS2-H
FileLength:174803
FileModTime:1289822558
%EndFont

%BeginFont
Handler:DirectoryHandler
FontType:CMap
CMapName:UniKS-UCS2-V
Registry:Adobe
Ordering:Korea1
UseCMap:UniKS-UCS2-H
OutlineFileName:C:\Program Files\Adobe\Acrobat 10.0\Resource\CMap\UniKS-UCS2-V
FileLength:3240
FileModTime:1289822558
%EndFont

%BeginFont
Handler:DirectoryHandler
FontType:CMap
CMapName:UniKS-UTF16-H
Registry:Adobe
Ordering:Korea1
OutlineFileName:C:\Program Files\Adobe\Acrobat 10.0\Resource\CMap\UniKS-UTF16-H
FileLength:131866
FileModTime:1289822554
%EndFont

%BeginFont
Handler:DirectoryHandler
FontType:CMap
CMapName:UniKS-UTF16-V
Registry:Adobe
Ordering:Korea1
UseCMap:UniKS-UTF16-H
OutlineFileName:C:\Program Files\Adobe\Acrobat 10.0\Resource\CMap\UniKS-UTF16-V
FileLength:3198
FileModTime:1289822554
%EndFont

%BeginFont
Handler:DirectoryHandler
FontType:CMap
CMapName:V
Registry:Adobe
Ordering:Japan1
UseCMap:H
OutlineFileName:C:\Program Files\Adobe\Acrobat 10.0\Resource\CMap\V
FileLength:3373
FileModTime:1289822554
%EndFont

