%!Adobe-FontList 1.13
%Locale:0x412

%BeginFont
Handler:DirectoryHandler
FontType:Invalid
OutlineFileName:C:\WINDOWS\Fonts\\8514fix.fon
FileModTime:1091703600
%EndFont

%BeginFont
Handler:DirectoryHandler
FontType:Invalid
OutlineFileName:C:\WINDOWS\Fonts\\8514fixe.fon
FileModTime:1091703600
%EndFont

%BeginFont
Handler:DirectoryHandler
FontType:Invalid
OutlineFileName:C:\WINDOWS\Fonts\\8514fixg.fon
FileModTime:1091703600
%EndFont

%BeginFont
Handler:DirectoryHandler
FontType:Invalid
OutlineFileName:C:\WINDOWS\Fonts\\8514fixr.fon
FileModTime:1091703600
%EndFont

%BeginFont
Handler:DirectoryHandler
FontType:Invalid
OutlineFileName:C:\WINDOWS\Fonts\\8514fixt.fon
FileModTime:1091703600
%EndFont

%BeginFont
Handler:DirectoryHandler
FontType:Invalid
OutlineFileName:C:\WINDOWS\Fonts\\8514oem.fon
FileModTime:1091703600
%EndFont

%BeginFont
Handler:DirectoryHandler
FontType:Invalid
OutlineFileName:C:\WINDOWS\Fonts\\8514oeme.fon
FileModTime:1091703600
%EndFont

%BeginFont
Handler:DirectoryHandler
FontType:Invalid
OutlineFileName:C:\WINDOWS\Fonts\\8514oemg.fon
FileModTime:1091703600
%EndFont

%BeginFont
Handler:DirectoryHandler
FontType:Invalid
OutlineFileName:C:\WINDOWS\Fonts\\8514oemr.fon
FileModTime:1091703600
%EndFont

%BeginFont
Handler:DirectoryHandler
FontType:Invalid
OutlineFileName:C:\WINDOWS\Fonts\\8514oemt.fon
FileModTime:1091703600
%EndFont

%BeginFont
Handler:DirectoryHandler
FontType:Invalid
OutlineFileName:C:\WINDOWS\Fonts\\8514sys.fon
FileModTime:1091703600
%EndFont

%BeginFont
Handler:DirectoryHandler
FontType:Invalid
OutlineFileName:C:\WINDOWS\Fonts\\8514syse.fon
FileModTime:1091703600
%EndFont

%BeginFont
Handler:DirectoryHandler
FontType:Invalid
OutlineFileName:C:\WINDOWS\Fonts\\8514sysg.fon
FileModTime:1091703600
%EndFont

%BeginFont
Handler:DirectoryHandler
FontType:Invalid
OutlineFileName:C:\WINDOWS\Fonts\\8514sysr.fon
FileModTime:1091703600
%EndFont

%BeginFont
Handler:DirectoryHandler
FontType:Invalid
OutlineFileName:C:\WINDOWS\Fonts\\8514syst.fon
FileModTime:1091703600
%EndFont

%BeginFont
Handler:DirectoryHandler
FontType:Invalid
OutlineFileName:C:\WINDOWS\Fonts\\85775.fon
FileModTime:1091703600
%EndFont

%BeginFont
Handler:DirectoryHandler
FontType:Invalid
OutlineFileName:C:\WINDOWS\Fonts\\85855.fon
FileModTime:1091703600
%EndFont

%BeginFont
Handler:DirectoryHandler
FontType:Invalid
OutlineFileName:C:\WINDOWS\Fonts\\85f1257.fon
FileModTime:1091703600
%EndFont

%BeginFont
Handler:DirectoryHandler
FontType:Invalid
OutlineFileName:C:\WINDOWS\Fonts\\85s1257.fon
FileModTime:1091703600
%EndFont

%BeginFont
Handler:DirectoryHandler
FontType:Invalid
OutlineFileName:C:\WINDOWS\Fonts\\app775.fon
FileModTime:1091703600
%EndFont

%BeginFont
Handler:DirectoryHandler
FontType:Invalid
OutlineFileName:C:\WINDOWS\Fonts\\app850.fon
FileModTime:1091703600
%EndFont

%BeginFont
Handler:DirectoryHandler
FontType:Invalid
OutlineFileName:C:\WINDOWS\Fonts\\app852.fon
FileModTime:1091703600
%EndFont

%BeginFont
Handler:DirectoryHandler
FontType:Invalid
OutlineFileName:C:\WINDOWS\Fonts\\app855.fon
FileModTime:1091703600
%EndFont

%BeginFont
Handler:DirectoryHandler
FontType:Invalid
OutlineFileName:C:\WINDOWS\Fonts\\app857.fon
FileModTime:1091703600
%EndFont

%BeginFont
Handler:DirectoryHandler
FontType:Invalid
OutlineFileName:C:\WINDOWS\Fonts\\app866.fon
FileModTime:1091703600
%EndFont

%BeginFont
Handler:DirectoryHandler
FontType:Invalid
OutlineFileName:C:\WINDOWS\Fonts\\app932.fon
FileModTime:1091703600
%EndFont

%BeginFont
Handler:DirectoryHandler
FontType:Invalid
OutlineFileName:C:\WINDOWS\Fonts\\app936.fon
FileModTime:1091703600
%EndFont

%BeginFont
Handler:DirectoryHandler
FontType:Invalid
OutlineFileName:C:\WINDOWS\Fonts\\app949.fon
FileModTime:1091703600
%EndFont

%BeginFont
Handler:DirectoryHandler
FontType:Invalid
OutlineFileName:C:\WINDOWS\Fonts\\app950.fon
FileModTime:1091703600
%EndFont

%BeginFont
Handler:DirectoryHandler
FontType:TrueType
FontName:ArialMT
FamilyName:Arial
StyleName:Regular
FullName:Arial
MenuName:Arial
StyleBits:0
WritingScript:Roman
OutlineFileName:C:\WINDOWS\Fonts\\arial.ttf
DataFormat:sfntData
FileLength:367112
FileModTime:1167661722
WeightClass:400
WidthClass:5
AngleClass:0
%EndFont

%BeginFont
Handler:DirectoryHandler
FontType:TrueType
FontName:Arial-BoldMT
FamilyName:Arial
StyleName:Bold
FullName:Arial Bold
MenuName:Arial
StyleBits:2
WritingScript:Roman
OutlineFileName:C:\WINDOWS\Fonts\\arialbd.ttf
DataFormat:sfntData
FileLength:352224
FileModTime:1167661726
WeightClass:700
WidthClass:5
AngleClass:0
%EndFont

%BeginFont
Handler:DirectoryHandler
FontType:TrueType
FontName:Arial-BoldItalicMT
FamilyName:Arial
StyleName:Bold Italic
FullName:Arial Bold Italic
MenuName:Arial
StyleBits:3
WritingScript:Roman
OutlineFileName:C:\WINDOWS\Fonts\\arialbi.ttf
DataFormat:sfntData
FileLength:226748
FileModTime:1091703600
WeightClass:700
WidthClass:5
AngleClass:1
%EndFont

%BeginFont
Handler:DirectoryHandler
FontType:TrueType
FontName:Arial-ItalicMT
FamilyName:Arial
StyleName:Italic
FullName:Arial Italic
MenuName:Arial
StyleBits:1
WritingScript:Roman
OutlineFileName:C:\WINDOWS\Fonts\\ariali.ttf
DataFormat:sfntData
FileLength:207808
FileModTime:1091703600
WeightClass:400
WidthClass:5
AngleClass:1
%EndFont

%BeginFont
Handler:DirectoryHandler
FontType:TrueType
FontName:Arial-Black
FamilyName:Arial
StyleName:Black
FullName:Arial Black
MenuName:Arial Black
StyleBits:0
WritingScript:Roman
OutlineFileName:C:\WINDOWS\Fonts\\ariblk.ttf
DataFormat:sfntData
FileLength:118832
FileModTime:1167661736
WeightClass:900
WidthClass:5
AngleClass:0
%EndFont

%BeginFont
Handler:DirectoryHandler
FontType:TrueType
FontName:Batang
FamilyName:Batang
StyleName:Regular
FullName:Batang
MenuName:바탕
StyleBits:0
FamilyNameNative:바탕
StyleNameNative:Regular
FullNameNative:바탕
WritingScript:Korean
OutlineFileName:C:\WINDOWS\Fonts\\batang.ttc
TTCOffset:28
DataFormat:sfntData
FileLength:16258580
FileModTime:1091703600
WeightClass:400
WidthClass:5
AngleClass:0
%EndFont

%BeginFont
Handler:DirectoryHandler
FontType:TrueType
FontName:BatangChe
FamilyName:BatangChe
StyleName:Medium
FullName:BatangChe
MenuName:바탕체
StyleBits:0
FamilyNameNative:바탕체
StyleNameNative:Medium
FullNameNative:바탕체 Medium
WritingScript:Korean
OutlineFileName:C:\WINDOWS\Fonts\\batang.ttc
TTCOffset:47916
DataFormat:sfntData
FileLength:16258580
FileModTime:1091703600
WeightClass:400
WidthClass:5
AngleClass:0
%EndFont

%BeginFont
Handler:DirectoryHandler
FontType:TrueType
FontName:Gungsuh
FamilyName:Gungsuh
StyleName:Regular
FullName:Gungsuh
MenuName:궁서
StyleBits:0
FamilyNameNative:궁서
StyleNameNative:Regular
FullNameNative:궁서
WritingScript:Korean
OutlineFileName:C:\WINDOWS\Fonts\\batang.ttc
TTCOffset:96624
DataFormat:sfntData
FileLength:16258580
FileModTime:1091703600
WeightClass:400
WidthClass:5
AngleClass:0
%EndFont

%BeginFont
Handler:DirectoryHandler
FontType:TrueType
FontName:GungsuhChe
FamilyName:GungsuhChe
StyleName:Regular
FullName:GungsuhChe
MenuName:궁서체
StyleBits:0
FamilyNameNative:궁서체
StyleNameNative:Regular
FullNameNative:궁서체 Regular
WritingScript:Korean
OutlineFileName:C:\WINDOWS\Fonts\\batang.ttc
TTCOffset:144528
DataFormat:sfntData
FileLength:16258580
FileModTime:1091703600
WeightClass:400
WidthClass:5
AngleClass:0
%EndFont

%BeginFont
Handler:DirectoryHandler
FontType:Invalid
OutlineFileName:C:\WINDOWS\Fonts\\c8514fix.fon
FileModTime:1091703600
%EndFont

%BeginFont
Handler:DirectoryHandler
FontType:Invalid
OutlineFileName:C:\WINDOWS\Fonts\\c8514oem.fon
FileModTime:1091703600
%EndFont

%BeginFont
Handler:DirectoryHandler
FontType:Invalid
OutlineFileName:C:\WINDOWS\Fonts\\c8514sys.fon
FileModTime:1091703600
%EndFont

%BeginFont
Handler:DirectoryHandler
FontType:Invalid
OutlineFileName:C:\WINDOWS\Fonts\\cga40737.fon
FileModTime:1091703600
%EndFont

%BeginFont
Handler:DirectoryHandler
FontType:Invalid
OutlineFileName:C:\WINDOWS\Fonts\\cga40850.fon
FileModTime:1091703600
%EndFont

%BeginFont
Handler:DirectoryHandler
FontType:Invalid
OutlineFileName:C:\WINDOWS\Fonts\\cga40852.fon
FileModTime:1091703600
%EndFont

%BeginFont
Handler:DirectoryHandler
FontType:Invalid
OutlineFileName:C:\WINDOWS\Fonts\\cga40857.fon
FileModTime:1091703600
%EndFont

%BeginFont
Handler:DirectoryHandler
FontType:Invalid
OutlineFileName:C:\WINDOWS\Fonts\\cga40866.fon
FileModTime:1091703600
%EndFont

%BeginFont
Handler:DirectoryHandler
FontType:Invalid
OutlineFileName:C:\WINDOWS\Fonts\\cga40869.fon
FileModTime:1091703600
%EndFont

%BeginFont
Handler:DirectoryHandler
FontType:Invalid
OutlineFileName:C:\WINDOWS\Fonts\\cga40woa.fon
FileModTime:1091703600
%EndFont

%BeginFont
Handler:DirectoryHandler
FontType:Invalid
OutlineFileName:C:\WINDOWS\Fonts\\cga80737.fon
FileModTime:1091703600
%EndFont

%BeginFont
Handler:DirectoryHandler
FontType:Invalid
OutlineFileName:C:\WINDOWS\Fonts\\cga80850.fon
FileModTime:1091703600
%EndFont

%BeginFont
Handler:DirectoryHandler
FontType:Invalid
OutlineFileName:C:\WINDOWS\Fonts\\cga80852.fon
FileModTime:1091703600
%EndFont

%BeginFont
Handler:DirectoryHandler
FontType:Invalid
OutlineFileName:C:\WINDOWS\Fonts\\cga80857.fon
FileModTime:1091703600
%EndFont

%BeginFont
Handler:DirectoryHandler
FontType:Invalid
OutlineFileName:C:\WINDOWS\Fonts\\cga80866.fon
FileModTime:1091703600
%EndFont

%BeginFont
Handler:DirectoryHandler
FontType:Invalid
OutlineFileName:C:\WINDOWS\Fonts\\cga80869.fon
FileModTime:1091703600
%EndFont

%BeginFont
Handler:DirectoryHandler
FontType:Invalid
OutlineFileName:C:\WINDOWS\Fonts\\cga80woa.fon
FileModTime:1091703600
%EndFont

%BeginFont
Handler:DirectoryHandler
FontType:TrueType
FontName:ComicSansMS
FamilyName:Comic Sans MS
StyleName:Regular
FullName:Comic Sans MS
MenuName:Comic Sans MS
StyleBits:0
WritingScript:Roman
OutlineFileName:C:\WINDOWS\Fonts\\comic.ttf
DataFormat:sfntData
FileLength:127596
FileModTime:1167662470
WeightClass:400
WidthClass:5
AngleClass:0
%EndFont

%BeginFont
Handler:DirectoryHandler
FontType:TrueType
FontName:ComicSansMS-Bold
FamilyName:Comic Sans MS
StyleName:Bold
FullName:Comic Sans MS Bold
MenuName:Comic Sans MS
StyleBits:2
WritingScript:Roman
OutlineFileName:C:\WINDOWS\Fonts\\comicbd.ttf
DataFormat:sfntData
FileLength:111476
FileModTime:1091703600
WeightClass:700
WidthClass:5
AngleClass:0
%EndFont

%BeginFont
Handler:DirectoryHandler
FontType:Invalid
OutlineFileName:C:\WINDOWS\Fonts\\coue1257.fon
FileModTime:1091703600
%EndFont

%BeginFont
Handler:DirectoryHandler
FontType:Invalid
OutlineFileName:C:\WINDOWS\Fonts\\couf1257.fon
FileModTime:1091703600
%EndFont

%BeginFont
Handler:DirectoryHandler
FontType:TrueType
FontName:CourierNewPSMT
FamilyName:Courier New
StyleName:Regular
FullName:Courier New
MenuName:Courier New
StyleBits:0
WritingScript:Roman
OutlineFileName:C:\WINDOWS\Fonts\\cour.ttf
DataFormat:sfntData
FileLength:303296
FileModTime:1091703600
WeightClass:400
WidthClass:5
AngleClass:0
%EndFont

%BeginFont
Handler:DirectoryHandler
FontType:TrueType
FontName:CourierNewPS-BoldMT
FamilyName:Courier New
StyleName:Bold
FullName:Courier New Bold
MenuName:Courier New
StyleBits:2
WritingScript:Roman
OutlineFileName:C:\WINDOWS\Fonts\\courbd.ttf
DataFormat:sfntData
FileLength:312920
FileModTime:1091703600
WeightClass:700
WidthClass:5
AngleClass:0
%EndFont

%BeginFont
Handler:DirectoryHandler
FontType:TrueType
FontName:CourierNewPS-BoldItalicMT
FamilyName:Courier New
StyleName:Bold Italic
FullName:Courier New Bold Italic
MenuName:Courier New
StyleBits:3
WritingScript:Roman
OutlineFileName:C:\WINDOWS\Fonts\\courbi.ttf
DataFormat:sfntData
FileLength:236148
FileModTime:1091703600
WeightClass:700
WidthClass:5
AngleClass:1
%EndFont

%BeginFont
Handler:DirectoryHandler
FontType:Invalid
OutlineFileName:C:\WINDOWS\Fonts\\coure.fon
FileModTime:1091703600
%EndFont

%BeginFont
Handler:DirectoryHandler
FontType:Invalid
OutlineFileName:C:\WINDOWS\Fonts\\couree.fon
FileModTime:1091703600
%EndFont

%BeginFont
Handler:DirectoryHandler
FontType:Invalid
OutlineFileName:C:\WINDOWS\Fonts\\coureg.fon
FileModTime:1091703600
%EndFont

%BeginFont
Handler:DirectoryHandler
FontType:Invalid
OutlineFileName:C:\WINDOWS\Fonts\\courer.fon
FileModTime:1091703600
%EndFont

%BeginFont
Handler:DirectoryHandler
FontType:Invalid
OutlineFileName:C:\WINDOWS\Fonts\\couret.fon
FileModTime:1091703600
%EndFont

%BeginFont
Handler:DirectoryHandler
FontType:Invalid
OutlineFileName:C:\WINDOWS\Fonts\\courf.fon
FileModTime:1091703600
%EndFont

%BeginFont
Handler:DirectoryHandler
FontType:Invalid
OutlineFileName:C:\WINDOWS\Fonts\\courfe.fon
FileModTime:1091703600
%EndFont

%BeginFont
Handler:DirectoryHandler
FontType:Invalid
OutlineFileName:C:\WINDOWS\Fonts\\courfg.fon
FileModTime:1091703600
%EndFont

%BeginFont
Handler:DirectoryHandler
FontType:Invalid
OutlineFileName:C:\WINDOWS\Fonts\\courfr.fon
FileModTime:1091703600
%EndFont

%BeginFont
Handler:DirectoryHandler
FontType:Invalid
OutlineFileName:C:\WINDOWS\Fonts\\courft.fon
FileModTime:1091703600
%EndFont

%BeginFont
Handler:DirectoryHandler
FontType:TrueType
FontName:CourierNewPS-ItalicMT
FamilyName:Courier New
StyleName:Italic
FullName:Courier New Italic
MenuName:Courier New
StyleBits:1
WritingScript:Roman
OutlineFileName:C:\WINDOWS\Fonts\\couri.ttf
DataFormat:sfntData
FileLength:245032
FileModTime:1091703600
WeightClass:400
WidthClass:5
AngleClass:1
%EndFont

%BeginFont
Handler:DirectoryHandler
FontType:Invalid
OutlineFileName:C:\WINDOWS\Fonts\\cvgafix.fon
FileModTime:1091703600
%EndFont

%BeginFont
Handler:DirectoryHandler
FontType:Invalid
OutlineFileName:C:\WINDOWS\Fonts\\cvgasys.fon
FileModTime:1091703600
%EndFont

%BeginFont
Handler:DirectoryHandler
FontType:Invalid
OutlineFileName:C:\WINDOWS\Fonts\\desktop.ini
FileModTime:1384769066
%EndFont

%BeginFont
Handler:DirectoryHandler
FontType:Invalid
OutlineFileName:C:\WINDOWS\Fonts\\dos737.fon
FileModTime:1091703600
%EndFont

%BeginFont
Handler:DirectoryHandler
FontType:Invalid
OutlineFileName:C:\WINDOWS\Fonts\\dosapp.fon
FileModTime:1091703600
%EndFont

%BeginFont
Handler:DirectoryHandler
FontType:Invalid
OutlineFileName:C:\WINDOWS\Fonts\\ega40737.fon
FileModTime:1091703600
%EndFont

%BeginFont
Handler:DirectoryHandler
FontType:Invalid
OutlineFileName:C:\WINDOWS\Fonts\\ega40850.fon
FileModTime:1091703600
%EndFont

%BeginFont
Handler:DirectoryHandler
FontType:Invalid
OutlineFileName:C:\WINDOWS\Fonts\\ega40852.fon
FileModTime:1091703600
%EndFont

%BeginFont
Handler:DirectoryHandler
FontType:Invalid
OutlineFileName:C:\WINDOWS\Fonts\\ega40857.fon
FileModTime:1091703600
%EndFont

%BeginFont
Handler:DirectoryHandler
FontType:Invalid
OutlineFileName:C:\WINDOWS\Fonts\\ega40866.fon
FileModTime:1091703600
%EndFont

%BeginFont
Handler:DirectoryHandler
FontType:Invalid
OutlineFileName:C:\WINDOWS\Fonts\\ega40869.fon
FileModTime:1091703600
%EndFont

%BeginFont
Handler:DirectoryHandler
FontType:Invalid
OutlineFileName:C:\WINDOWS\Fonts\\ega40woa.fon
FileModTime:1091703600
%EndFont

%BeginFont
Handler:DirectoryHandler
FontType:Invalid
OutlineFileName:C:\WINDOWS\Fonts\\ega80737.fon
FileModTime:1091703600
%EndFont

%BeginFont
Handler:DirectoryHandler
FontType:Invalid
OutlineFileName:C:\WINDOWS\Fonts\\ega80850.fon
FileModTime:1091703600
%EndFont

%BeginFont
Handler:DirectoryHandler
FontType:Invalid
OutlineFileName:C:\WINDOWS\Fonts\\ega80852.fon
FileModTime:1091703600
%EndFont

%BeginFont
Handler:DirectoryHandler
FontType:Invalid
OutlineFileName:C:\WINDOWS\Fonts\\ega80857.fon
FileModTime:1091703600
%EndFont

%BeginFont
Handler:DirectoryHandler
FontType:Invalid
OutlineFileName:C:\WINDOWS\Fonts\\ega80866.fon
FileModTime:1091703600
%EndFont

%BeginFont
Handler:DirectoryHandler
FontType:Invalid
OutlineFileName:C:\WINDOWS\Fonts\\ega80869.fon
FileModTime:1091703600
%EndFont

%BeginFont
Handler:DirectoryHandler
FontType:Invalid
OutlineFileName:C:\WINDOWS\Fonts\\ega80woa.fon
FileModTime:1091703600
%EndFont

%BeginFont
Handler:DirectoryHandler
FontType:TrueType
FontName:EstrangeloEdessa
FamilyName:Estrangelo Edessa
StyleName:Regular
FullName:Estrangelo Edessa
MenuName:Estrangelo Edessa
StyleBits:0
WritingScript:Roman
OutlineFileName:C:\WINDOWS\Fonts\\estre.ttf
DataFormat:sfntData
FileLength:79744
FileModTime:1091703600
WeightClass:400
WidthClass:5
AngleClass:0
%EndFont

%BeginFont
Handler:DirectoryHandler
FontType:TrueType
FontName:FranklinGothic-Medium
FamilyName:Franklin Gothic Medium
StyleName:Regular
FullName:Franklin Gothic Medium
MenuName:Franklin Gothic Medium
StyleBits:0
WritingScript:Roman
OutlineFileName:C:\WINDOWS\Fonts\\framd.ttf
DataFormat:sfntData
FileLength:135984
FileModTime:1091703600
WeightClass:400
WidthClass:5
AngleClass:0
%EndFont

%BeginFont
Handler:DirectoryHandler
FontType:TrueType
FontName:FranklinGothic-MediumItalic
FamilyName:Franklin Gothic Medium
StyleName:Italic
FullName:Franklin Gothic Medium Italic
MenuName:Franklin Gothic Medium
StyleBits:1
WritingScript:Roman
OutlineFileName:C:\WINDOWS\Fonts\\framdit.ttf
DataFormat:sfntData
FileLength:152844
FileModTime:1091703600
WeightClass:400
WidthClass:5
AngleClass:1
%EndFont

%BeginFont
Handler:DirectoryHandler
FontType:TrueType
FontName:Gautami
FamilyName:Gautami
StyleName:Regular
FullName:Gautami
MenuName:Gautami
StyleBits:0
WritingScript:Roman
OutlineFileName:C:\WINDOWS\Fonts\\gautami.ttf
DataFormat:sfntData
FileLength:214936
FileModTime:1091703600
WeightClass:400
WidthClass:5
AngleClass:0
%EndFont

%BeginFont
Handler:DirectoryHandler
FontType:TrueType
FontName:Georgia
FamilyName:Georgia
StyleName:Regular
FullName:Georgia
MenuName:Georgia
StyleBits:0
WritingScript:Roman
OutlineFileName:C:\WINDOWS\Fonts\\georgia.ttf
DataFormat:sfntData
FileLength:155068
FileModTime:1167662636
WeightClass:400
WidthClass:5
AngleClass:0
%EndFont

%BeginFont
Handler:DirectoryHandler
FontType:TrueType
FontName:Georgia-Bold
FamilyName:Georgia
StyleName:Bold
FullName:Georgia Bold
MenuName:Georgia
StyleBits:2
WritingScript:Roman
OutlineFileName:C:\WINDOWS\Fonts\\georgiab.ttf
DataFormat:sfntData
FileLength:141032
FileModTime:1091703600
WeightClass:700
WidthClass:5
AngleClass:0
%EndFont

%BeginFont
Handler:DirectoryHandler
FontType:TrueType
FontName:Georgia-Italic
FamilyName:Georgia
StyleName:Italic
FullName:Georgia Italic
MenuName:Georgia
StyleBits:1
WritingScript:Roman
OutlineFileName:C:\WINDOWS\Fonts\\georgiai.ttf
DataFormat:sfntData
FileLength:157388
FileModTime:1091703600
WeightClass:400
WidthClass:5
AngleClass:1
%EndFont

%BeginFont
Handler:DirectoryHandler
FontType:TrueType
FontName:Georgia-BoldItalic
FamilyName:Georgia
StyleName:Bold Italic
FullName:Georgia Bold Italic
MenuName:Georgia
StyleBits:3
WritingScript:Roman
OutlineFileName:C:\WINDOWS\Fonts\\georgiaz.ttf
DataFormat:sfntData
FileLength:159736
FileModTime:1091703600
WeightClass:700
WidthClass:5
AngleClass:1
%EndFont

%BeginFont
Handler:DirectoryHandler
FontType:TrueType
FontName:Gulim
FamilyName:Gulim
StyleName:Regular
FullName:Gulim
MenuName:굴림
StyleBits:0
FamilyNameNative:굴림
StyleNameNative:Regular
FullNameNative:굴림
WritingScript:Korean
OutlineFileName:C:\WINDOWS\Fonts\\gulim.ttc
TTCOffset:28
DataFormat:sfntData
FileLength:13518660
FileModTime:1091703600
WeightClass:400
WidthClass:5
AngleClass:0
%EndFont

%BeginFont
Handler:DirectoryHandler
FontType:TrueType
FontName:GulimChe
FamilyName:GulimChe
StyleName:Regular
FullName:GulimChe
MenuName:굴림체
StyleBits:0
FamilyNameNative:굴림체
StyleNameNative:Regular
FullNameNative:굴림체 Regular
WritingScript:Korean
OutlineFileName:C:\WINDOWS\Fonts\\gulim.ttc
TTCOffset:47900
DataFormat:sfntData
FileLength:13518660
FileModTime:1091703600
WeightClass:400
WidthClass:5
AngleClass:0
%EndFont

%BeginFont
Handler:DirectoryHandler
FontType:TrueType
FontName:Dotum
FamilyName:Dotum
StyleName:Regular
FullName:Dotum
MenuName:돋움
StyleBits:0
FamilyNameNative:돋움
StyleNameNative:Regular
FullNameNative:돋움
WritingScript:Korean
OutlineFileName:C:\WINDOWS\Fonts\\gulim.ttc
TTCOffset:96592
DataFormat:sfntData
FileLength:13518660
FileModTime:1091703600
WeightClass:400
WidthClass:5
AngleClass:0
%EndFont

%BeginFont
Handler:DirectoryHandler
FontType:TrueType
FontName:DotumChe
FamilyName:DotumChe
StyleName:Regular
FullName:DotumChe
MenuName:돋움체
StyleBits:0
FamilyNameNative:돋움체
StyleNameNative:Regular
FullNameNative:돋움체 Regular
WritingScript:Korean
OutlineFileName:C:\WINDOWS\Fonts\\gulim.ttc
TTCOffset:144464
DataFormat:sfntData
FileLength:13518660
FileModTime:1091703600
WeightClass:400
WidthClass:5
AngleClass:0
%EndFont

%BeginFont
Handler:DirectoryHandler
FontType:Invalid
OutlineFileName:C:\WINDOWS\Fonts\\h8514fix.fon
FileModTime:1091703600
%EndFont

%BeginFont
Handler:DirectoryHandler
FontType:Invalid
OutlineFileName:C:\WINDOWS\Fonts\\h8514oem.fon
FileModTime:1091703600
%EndFont

%BeginFont
Handler:DirectoryHandler
FontType:Invalid
OutlineFileName:C:\WINDOWS\Fonts\\h8514sys.fon
FileModTime:1091703600
%EndFont

%BeginFont
Handler:DirectoryHandler
FontType:Invalid
OutlineFileName:C:\WINDOWS\Fonts\\hvgafix.fon
FileModTime:1091703600
%EndFont

%BeginFont
Handler:DirectoryHandler
FontType:Invalid
OutlineFileName:C:\WINDOWS\Fonts\\hvgasys.fon
FileModTime:1091703600
%EndFont

%BeginFont
Handler:DirectoryHandler
FontType:TrueType
FontName:Impact
FamilyName:Impact
StyleName:Regular
FullName:Impact
MenuName:Impact
StyleBits:0
WritingScript:Roman
OutlineFileName:C:\WINDOWS\Fonts\\impact.ttf
DataFormat:sfntData
FileLength:137448
FileModTime:1167662646
WeightClass:400
WidthClass:3
AngleClass:0
%EndFont

%BeginFont
Handler:DirectoryHandler
FontType:Invalid
OutlineFileName:C:\WINDOWS\Fonts\\j8514fix.fon
FileModTime:1091703600
%EndFont

%BeginFont
Handler:DirectoryHandler
FontType:Invalid
OutlineFileName:C:\WINDOWS\Fonts\\j8514oem.fon
FileModTime:1091703600
%EndFont

%BeginFont
Handler:DirectoryHandler
FontType:Invalid
OutlineFileName:C:\WINDOWS\Fonts\\j8514sys.fon
FileModTime:1091703600
%EndFont

%BeginFont
Handler:DirectoryHandler
FontType:Invalid
OutlineFileName:C:\WINDOWS\Fonts\\jsmalle.fon
FileModTime:1091703600
%EndFont

%BeginFont
Handler:DirectoryHandler
FontType:Invalid
OutlineFileName:C:\WINDOWS\Fonts\\jsmallf.fon
FileModTime:1091703600
%EndFont

%BeginFont
Handler:DirectoryHandler
FontType:Invalid
OutlineFileName:C:\WINDOWS\Fonts\\jvgafix.fon
FileModTime:1091703600
%EndFont

%BeginFont
Handler:DirectoryHandler
FontType:Invalid
OutlineFileName:C:\WINDOWS\Fonts\\jvgasys.fon
FileModTime:1091703600
%EndFont

%BeginFont
Handler:DirectoryHandler
FontType:TrueType
FontName:Kartika
FamilyName:Kartika
StyleName:Regular
FullName:Kartika
MenuName:Kartika
StyleBits:0
WritingScript:Roman
OutlineFileName:C:\WINDOWS\Fonts\\kartika.ttf
DataFormat:sfntData
FileLength:121452
FileModTime:1167663272
WeightClass:400
WidthClass:5
AngleClass:0
%EndFont

%BeginFont
Handler:DirectoryHandler
FontType:TrueType
FontName:Latha
FamilyName:Latha
StyleName:Regular
FullName:Latha
MenuName:Latha
StyleBits:0
WritingScript:Roman
OutlineFileName:C:\WINDOWS\Fonts\\latha.ttf
DataFormat:sfntData
FileLength:73292
FileModTime:1091703600
WeightClass:400
WidthClass:5
AngleClass:0
%EndFont

%BeginFont
Handler:DirectoryHandler
FontType:TrueType
FontName:LucidaSans
FamilyName:Lucida Sans
StyleName:Regular
FullName:Lucida Sans Regular
MenuName:Lucida Sans
StyleBits:0
WritingScript:Roman
OutlineFileName:C:\WINDOWS\Fonts\\lsans.ttf
DataFormat:sfntData
FileLength:58740
FileModTime:1182822120
WeightClass:400
WidthClass:5
AngleClass:0
%EndFont

%BeginFont
Handler:DirectoryHandler
FontType:TrueType
FontName:LucidaSans-Demi
FamilyName:Lucida Sans
StyleName:Demibold Roman
FullName:Lucida Sans Demibold Roman
MenuName:Lucida Sans
StyleBits:2
WritingScript:Roman
OutlineFileName:C:\WINDOWS\Fonts\\lsansd.ttf
DataFormat:sfntData
FileLength:54320
FileModTime:1182822120
WeightClass:600
WidthClass:5
AngleClass:0
%EndFont

%BeginFont
Handler:DirectoryHandler
FontType:TrueType
FontName:LucidaSans-DemiItalic
FamilyName:Lucida Sans
StyleName:Demibold Italic
FullName:Lucida Sans Demibold Italic
MenuName:Lucida Sans
StyleBits:3
WritingScript:Roman
OutlineFileName:C:\WINDOWS\Fonts\\lsansdi.ttf
DataFormat:sfntData
FileLength:60664
FileModTime:1182822120
WeightClass:600
WidthClass:5
AngleClass:1
%EndFont

%BeginFont
Handler:DirectoryHandler
FontType:TrueType
FontName:LucidaSans-Italic
FamilyName:Lucida Sans
StyleName:Italic
FullName:Lucida Sans Italic
MenuName:Lucida Sans
StyleBits:1
WritingScript:Roman
OutlineFileName:C:\WINDOWS\Fonts\\lsansi.ttf
DataFormat:sfntData
FileLength:59636
FileModTime:1182822120
WeightClass:400
WidthClass:5
AngleClass:1
%EndFont

%BeginFont
Handler:DirectoryHandler
FontType:TrueType
FontName:LucidaConsole
FamilyName:Lucida Console
StyleName:Regular
FullName:Lucida Console
MenuName:Lucida Console
StyleBits:0
WritingScript:Roman
OutlineFileName:C:\WINDOWS\Fonts\\lucon.ttf
DataFormat:sfntData
FileLength:115068
FileModTime:1091703600
WeightClass:400
WidthClass:4
AngleClass:0
%EndFont

%BeginFont
Handler:DirectoryHandler
FontType:TrueType
FontName:LucidaSansUnicode
FamilyName:Lucida Sans Unicode
StyleName:Regular
FullName:Lucida Sans Unicode
MenuName:Lucida Sans Unicode
StyleBits:0
WritingScript:Roman
OutlineFileName:C:\WINDOWS\Fonts\\l_10646.ttf
DataFormat:sfntData
FileLength:323980
FileModTime:1091703600
WeightClass:400
WidthClass:5
AngleClass:0
%EndFont

%BeginFont
Handler:DirectoryHandler
FontType:TrueType
FontName:Mangal-Regular
FamilyName:Mangal
StyleName:Regular
FullName:Mangal
MenuName:Mangal
StyleBits:0
WritingScript:Roman
OutlineFileName:C:\WINDOWS\Fonts\\mangal.ttf
DataFormat:sfntData
FileLength:143864
FileModTime:1091703600
WeightClass:400
WidthClass:5
AngleClass:0
%EndFont

%BeginFont
Handler:DirectoryHandler
FontType:TrueType
FontName:Marlett
FamilyName:Marlett
StyleName:Regular
FullName:Marlett
MenuName:Marlett
StyleBits:0
WritingScript:Roman
OutlineFileName:C:\WINDOWS\Fonts\\marlett.ttf
DataFormat:sfntData
FileLength:24124
FileModTime:1091703600
WeightClass:500
WidthClass:5
AngleClass:0
%EndFont

%BeginFont
Handler:DirectoryHandler
FontType:TrueType
FontName:MicrosoftSansSerif
FamilyName:Microsoft Sans Serif
StyleName:Regular
FullName:Microsoft Sans Serif
MenuName:Microsoft Sans Serif
StyleBits:0
WritingScript:Roman
OutlineFileName:C:\WINDOWS\Fonts\\micross.ttf
DataFormat:sfntData
FileLength:461672
FileModTime:1167663352
WeightClass:400
WidthClass:5
AngleClass:0
%EndFont

%BeginFont
Handler:DirectoryHandler
FontType:TrueType
FontName:MingLiU
FamilyName:MingLiU
StyleName:Regular
FullName:MingLiU
MenuName:MingLiU
StyleBits:0
FamilyNameNative:細明體
StyleNameNative:Regular
FullNameNative:細明體
WritingScript:TraditionalChinese
OutlineFileName:C:\WINDOWS\Fonts\\mingliu.ttc
TTCOffset:20
DataFormat:sfntData
FileLength:8823308
FileModTime:1091703600
WeightClass:400
WidthClass:5
AngleClass:0
%EndFont

%BeginFont
Handler:DirectoryHandler
FontType:TrueType
FontName:PMingLiU
FamilyName:PMingLiU
StyleName:Regular
FullName:PMingLiU
MenuName:PMingLiU
StyleBits:0
FamilyNameNative:新細明體
StyleNameNative:Regular
FullNameNative:新細明體
WritingScript:TraditionalChinese
OutlineFileName:C:\WINDOWS\Fonts\\mingliu.ttc
TTCOffset:320
DataFormat:sfntData
FileLength:8823308
FileModTime:1091703600
WeightClass:400
WidthClass:5
AngleClass:0
%EndFont

%BeginFont
Handler:DirectoryHandler
FontType:Invalid
OutlineFileName:C:\WINDOWS\Fonts\\modern.fon
FileModTime:1091703600
%EndFont

%BeginFont
Handler:DirectoryHandler
FontType:TrueType
FontName:MS-Gothic
FamilyName:MS Gothic
StyleName:Regular
FullName:MS Gothic
MenuName:MS Gothic
StyleBits:0
FamilyNameNative:ＭＳ ゴシック
StyleNameNative:標準
FullNameNative:ＭＳ ゴシック
WritingScript:Japanese
OutlineFileName:C:\WINDOWS\Fonts\\msgothic.ttc
TTCOffset:24
DataFormat:sfntData
FileLength:8272028
FileModTime:1091703600
WeightClass:400
WidthClass:5
AngleClass:0
%EndFont

%BeginFont
Handler:DirectoryHandler
FontType:TrueType
FontName:MS-PGothic
FamilyName:MS PGothic
StyleName:Regular
FullName:MS PGothic
MenuName:MS PGothic
StyleBits:0
FamilyNameNative:ＭＳ Ｐゴシック
StyleNameNative:標準
FullNameNative:ＭＳ Ｐゴシック
WritingScript:Japanese
OutlineFileName:C:\WINDOWS\Fonts\\msgothic.ttc
TTCOffset:372
DataFormat:sfntData
FileLength:8272028
FileModTime:1091703600
WeightClass:400
WidthClass:5
AngleClass:0
%EndFont

%BeginFont
Handler:DirectoryHandler
FontType:TrueType
FontName:MS-UIGothic
FamilyName:MS UI Gothic
StyleName:Regular
FullName:MS UI Gothic
MenuName:MS UI Gothic
StyleBits:0
FamilyNameNative:MS UI Gothic
StyleNameNative:標準
FullNameNative:MS UI Gothic 標準
WritingScript:Japanese
OutlineFileName:C:\WINDOWS\Fonts\\msgothic.ttc
TTCOffset:736
DataFormat:sfntData
FileLength:8272028
FileModTime:1091703600
WeightClass:400
WidthClass:5
AngleClass:0
%EndFont

%BeginFont
Handler:DirectoryHandler
FontType:TrueType
FontName:MS-Mincho
FamilyName:MS Mincho
StyleName:Regular
FullName:MS Mincho
MenuName:MS Mincho
StyleBits:0
FamilyNameNative:ＭＳ 明朝
StyleNameNative:標準
FullNameNative:ＭＳ 明朝
WritingScript:Japanese
OutlineFileName:C:\WINDOWS\Fonts\\msmincho.ttc
TTCOffset:20
DataFormat:sfntData
FileLength:9135960
FileModTime:1091703600
WeightClass:400
WidthClass:5
AngleClass:0
%EndFont

%BeginFont
Handler:DirectoryHandler
FontType:TrueType
FontName:MS-PMincho
FamilyName:MS PMincho
StyleName:Regular
FullName:MS PMincho
MenuName:MS PMincho
StyleBits:0
FamilyNameNative:ＭＳ Ｐ明朝
StyleNameNative:標準
FullNameNative:ＭＳ Ｐ明朝
WritingScript:Japanese
OutlineFileName:C:\WINDOWS\Fonts\\msmincho.ttc
TTCOffset:368
DataFormat:sfntData
FileLength:9135960
FileModTime:1091703600
WeightClass:400
WidthClass:5
AngleClass:0
%EndFont

%BeginFont
Handler:DirectoryHandler
FontType:TrueType
FontName:MVBoli
FamilyName:MV Boli
StyleName:Regular
FullName:MV Boli
MenuName:MV Boli
StyleBits:0
WritingScript:Roman
OutlineFileName:C:\WINDOWS\Fonts\\mvboli.ttf
DataFormat:sfntData
FileLength:40500
FileModTime:1091703600
WeightClass:400
WidthClass:5
AngleClass:1
%EndFont

%BeginFont
Handler:DirectoryHandler
FontType:TrueType
FontName:PalatinoLinotype-Roman
FamilyName:Palatino Linotype
StyleName:Regular
FullName:Palatino Linotype
MenuName:Palatino Linotype
StyleBits:0
WritingScript:Roman
OutlineFileName:C:\WINDOWS\Fonts\\pala.ttf
DataFormat:sfntData
FileLength:489884
FileModTime:1091703600
WeightClass:400
WidthClass:5
AngleClass:0
%EndFont

%BeginFont
Handler:DirectoryHandler
FontType:TrueType
FontName:PalatinoLinotype-Bold
FamilyName:Palatino Linotype
StyleName:Bold
FullName:Palatino Linotype Bold
MenuName:Palatino Linotype
StyleBits:2
WritingScript:Roman
OutlineFileName:C:\WINDOWS\Fonts\\palab.ttf
DataFormat:sfntData
FileLength:434004
FileModTime:1091703600
WeightClass:700
WidthClass:5
AngleClass:0
%EndFont

%BeginFont
Handler:DirectoryHandler
FontType:TrueType
FontName:PalatinoLinotype-BoldItalic
FamilyName:Palatino Linotype
StyleName:Bold Italic
FullName:Palatino Linotype Bold Italic
MenuName:Palatino Linotype
StyleBits:3
WritingScript:Roman
OutlineFileName:C:\WINDOWS\Fonts\\palabi.ttf
DataFormat:sfntData
FileLength:344288
FileModTime:1091703600
WeightClass:700
WidthClass:5
AngleClass:1
%EndFont

%BeginFont
Handler:DirectoryHandler
FontType:TrueType
FontName:PalatinoLinotype-Italic
FamilyName:Palatino Linotype
StyleName:Italic
FullName:Palatino Linotype Italic
MenuName:Palatino Linotype
StyleBits:1
WritingScript:Roman
OutlineFileName:C:\WINDOWS\Fonts\\palai.ttf
DataFormat:sfntData
FileLength:430800
FileModTime:1091703600
WeightClass:400
WidthClass:5
AngleClass:1
%EndFont

%BeginFont
Handler:DirectoryHandler
FontType:TrueType
FontName:Raavi
FamilyName:Raavi
StyleName:Regular
FullName:Raavi
MenuName:Raavi
StyleBits:0
WritingScript:Roman
OutlineFileName:C:\WINDOWS\Fonts\\raavi.ttf
DataFormat:sfntData
FileLength:57348
FileModTime:1091703600
WeightClass:400
WidthClass:5
AngleClass:0
%EndFont

%BeginFont
Handler:DirectoryHandler
FontType:Invalid
OutlineFileName:C:\WINDOWS\Fonts\\roman.fon
FileModTime:1091703600
%EndFont

%BeginFont
Handler:DirectoryHandler
FontType:Invalid
OutlineFileName:C:\WINDOWS\Fonts\\s8514fix.fon
FileModTime:1091703600
%EndFont

%BeginFont
Handler:DirectoryHandler
FontType:Invalid
OutlineFileName:C:\WINDOWS\Fonts\\s8514oem.fon
FileModTime:1091703600
%EndFont

%BeginFont
Handler:DirectoryHandler
FontType:Invalid
OutlineFileName:C:\WINDOWS\Fonts\\s8514sys.fon
FileModTime:1091703600
%EndFont

%BeginFont
Handler:DirectoryHandler
FontType:Invalid
OutlineFileName:C:\WINDOWS\Fonts\\script.fon
FileModTime:1091703600
%EndFont

%BeginFont
Handler:DirectoryHandler
FontType:Invalid
OutlineFileName:C:\WINDOWS\Fonts\\sere1257.fon
FileModTime:1091703600
%EndFont

%BeginFont
Handler:DirectoryHandler
FontType:Invalid
OutlineFileName:C:\WINDOWS\Fonts\\serf1257.fon
FileModTime:1091703600
%EndFont

%BeginFont
Handler:DirectoryHandler
FontType:Invalid
OutlineFileName:C:\WINDOWS\Fonts\\serife.fon
FileModTime:1091703600
%EndFont

%BeginFont
Handler:DirectoryHandler
FontType:Invalid
OutlineFileName:C:\WINDOWS\Fonts\\serifee.fon
FileModTime:1091703600
%EndFont

%BeginFont
Handler:DirectoryHandler
FontType:Invalid
OutlineFileName:C:\WINDOWS\Fonts\\serifeg.fon
FileModTime:1091703600
%EndFont

%BeginFont
Handler:DirectoryHandler
FontType:Invalid
OutlineFileName:C:\WINDOWS\Fonts\\serifer.fon
FileModTime:1091703600
%EndFont

%BeginFont
Handler:DirectoryHandler
FontType:Invalid
OutlineFileName:C:\WINDOWS\Fonts\\serifet.fon
FileModTime:1091703600
%EndFont

%BeginFont
Handler:DirectoryHandler
FontType:Invalid
OutlineFileName:C:\WINDOWS\Fonts\\seriff.fon
FileModTime:1091703600
%EndFont

%BeginFont
Handler:DirectoryHandler
FontType:Invalid
OutlineFileName:C:\WINDOWS\Fonts\\seriffe.fon
FileModTime:1091703600
%EndFont

%BeginFont
Handler:DirectoryHandler
FontType:Invalid
OutlineFileName:C:\WINDOWS\Fonts\\seriffg.fon
FileModTime:1091703600
%EndFont

%BeginFont
Handler:DirectoryHandler
FontType:Invalid
OutlineFileName:C:\WINDOWS\Fonts\\seriffr.fon
FileModTime:1091703600
%EndFont

%BeginFont
Handler:DirectoryHandler
FontType:Invalid
OutlineFileName:C:\WINDOWS\Fonts\\serifft.fon
FileModTime:1091703600
%EndFont

%BeginFont
Handler:DirectoryHandler
FontType:TrueType
FontName:Shruti
FamilyName:Shruti
StyleName:Regular
FullName:Shruti
MenuName:Shruti
StyleBits:0
WritingScript:Roman
OutlineFileName:C:\WINDOWS\Fonts\\shruti.ttf
DataFormat:sfntData
FileLength:234280
FileModTime:1091703600
WeightClass:400
WidthClass:5
AngleClass:0
%EndFont

%BeginFont
Handler:DirectoryHandler
FontType:TrueType
FontName:SimHei
FamilyName:SimHei
StyleName:Regular
FullName:SimHei
MenuName:SimHei
StyleBits:0
FamilyNameNative:黑体
StyleNameNative:Regular
FullNameNative:黑体
WritingScript:SimplifiedChinese
OutlineFileName:C:\WINDOWS\Fonts\\simhei.ttf
DataFormat:sfntData
FileLength:10044356
FileModTime:1091703600
WeightClass:400
WidthClass:5
AngleClass:0
%EndFont

%BeginFont
Handler:DirectoryHandler
FontType:TrueType
FontName:SimSun
FamilyName:SimSun
StyleName:Regular
FullName:SimSun
MenuName:SimSun
StyleBits:0
FamilyNameNative:宋体
StyleNameNative:Regular
FullNameNative:宋体
WritingScript:SimplifiedChinese
OutlineFileName:C:\WINDOWS\Fonts\\simsun.ttc
TTCOffset:36
DataFormat:sfntData
FileLength:10512288
FileModTime:1167662244
WeightClass:400
WidthClass:5
AngleClass:0
%EndFont

%BeginFont
Handler:DirectoryHandler
FontType:TrueType
FontName:NSimSun
FamilyName:NSimSun
StyleName:Regular
FullName:NSimSun
MenuName:NSimSun
StyleBits:0
FamilyNameNative:新宋体
StyleNameNative:Regular
FullNameNative:新宋体
WritingScript:SimplifiedChinese
OutlineFileName:C:\WINDOWS\Fonts\\simsun.ttc
TTCOffset:352
DataFormat:sfntData
FileLength:10512288
FileModTime:1167662244
WeightClass:400
WidthClass:5
AngleClass:0
%EndFont

%BeginFont
Handler:DirectoryHandler
FontType:TrueType
FontName:SimSun-PUA
FamilyName:SimSun-PUA
StyleName:Regular
FullName:SimSun-PUA
MenuName:SimSun-PUA
StyleBits:0
FamilyNameNative:宋体-PUA
StyleNameNative:Regular
FullNameNative:宋体-PUA
WritingScript:SimplifiedChinese
OutlineFileName:C:\WINDOWS\Fonts\\simsun.ttc
TTCOffset:668
DataFormat:sfntData
FileLength:10512288
FileModTime:1167662244
WeightClass:400
WidthClass:5
AngleClass:0
%EndFont

%BeginFont
Handler:DirectoryHandler
FontType:Invalid
OutlineFileName:C:\WINDOWS\Fonts\\smae1257.fon
FileModTime:1091703600
%EndFont

%BeginFont
Handler:DirectoryHandler
FontType:Invalid
OutlineFileName:C:\WINDOWS\Fonts\\smaf1257.fon
FileModTime:1091703600
%EndFont

%BeginFont
Handler:DirectoryHandler
FontType:Invalid
OutlineFileName:C:\WINDOWS\Fonts\\smalle.fon
FileModTime:1091703600
%EndFont

%BeginFont
Handler:DirectoryHandler
FontType:Invalid
OutlineFileName:C:\WINDOWS\Fonts\\smallee.fon
FileModTime:1091703600
%EndFont

%BeginFont
Handler:DirectoryHandler
FontType:Invalid
OutlineFileName:C:\WINDOWS\Fonts\\smalleg.fon
FileModTime:1091703600
%EndFont

%BeginFont
Handler:DirectoryHandler
FontType:Invalid
OutlineFileName:C:\WINDOWS\Fonts\\smaller.fon
FileModTime:1091703600
%EndFont

%BeginFont
Handler:DirectoryHandler
FontType:Invalid
OutlineFileName:C:\WINDOWS\Fonts\\smallet.fon
FileModTime:1091703600
%EndFont

%BeginFont
Handler:DirectoryHandler
FontType:Invalid
OutlineFileName:C:\WINDOWS\Fonts\\smallf.fon
FileModTime:1091703600
%EndFont

%BeginFont
Handler:DirectoryHandler
FontType:Invalid
OutlineFileName:C:\WINDOWS\Fonts\\smallfe.fon
FileModTime:1091703600
%EndFont

%BeginFont
Handler:DirectoryHandler
FontType:Invalid
OutlineFileName:C:\WINDOWS\Fonts\\smallfg.fon
FileModTime:1091703600
%EndFont

%BeginFont
Handler:DirectoryHandler
FontType:Invalid
OutlineFileName:C:\WINDOWS\Fonts\\smallfr.fon
FileModTime:1091703600
%EndFont

%BeginFont
Handler:DirectoryHandler
FontType:Invalid
OutlineFileName:C:\WINDOWS\Fonts\\smallft.fon
FileModTime:1091703600
%EndFont

%BeginFont
Handler:DirectoryHandler
FontType:Invalid
OutlineFileName:C:\WINDOWS\Fonts\\ssee1257.fon
FileModTime:1091703600
%EndFont

%BeginFont
Handler:DirectoryHandler
FontType:Invalid
OutlineFileName:C:\WINDOWS\Fonts\\ssef1257.fon
FileModTime:1091703600
%EndFont

%BeginFont
Handler:DirectoryHandler
FontType:Invalid
OutlineFileName:C:\WINDOWS\Fonts\\sserife.fon
FileModTime:1091703600
%EndFont

%BeginFont
Handler:DirectoryHandler
FontType:Invalid
OutlineFileName:C:\WINDOWS\Fonts\\sserifee.fon
FileModTime:1091703600
%EndFont

%BeginFont
Handler:DirectoryHandler
FontType:Invalid
OutlineFileName:C:\WINDOWS\Fonts\\sserifeg.fon
FileModTime:1091703600
%EndFont

%BeginFont
Handler:DirectoryHandler
FontType:Invalid
OutlineFileName:C:\WINDOWS\Fonts\\sserifer.fon
FileModTime:1091703600
%EndFont

%BeginFont
Handler:DirectoryHandler
FontType:Invalid
OutlineFileName:C:\WINDOWS\Fonts\\sserifet.fon
FileModTime:1091703600
%EndFont

%BeginFont
Handler:DirectoryHandler
FontType:Invalid
OutlineFileName:C:\WINDOWS\Fonts\\sseriff.fon
FileModTime:1091703600
%EndFont

%BeginFont
Handler:DirectoryHandler
FontType:Invalid
OutlineFileName:C:\WINDOWS\Fonts\\sseriffe.fon
FileModTime:1091703600
%EndFont

%BeginFont
Handler:DirectoryHandler
FontType:Invalid
OutlineFileName:C:\WINDOWS\Fonts\\sseriffg.fon
FileModTime:1091703600
%EndFont

%BeginFont
Handler:DirectoryHandler
FontType:Invalid
OutlineFileName:C:\WINDOWS\Fonts\\sseriffr.fon
FileModTime:1091703600
%EndFont

%BeginFont
Handler:DirectoryHandler
FontType:Invalid
OutlineFileName:C:\WINDOWS\Fonts\\sserifft.fon
FileModTime:1091703600
%EndFont

%BeginFont
Handler:DirectoryHandler
FontType:Invalid
OutlineFileName:C:\WINDOWS\Fonts\\svgafix.fon
FileModTime:1091703600
%EndFont

%BeginFont
Handler:DirectoryHandler
FontType:Invalid
OutlineFileName:C:\WINDOWS\Fonts\\svgasys.fon
FileModTime:1091703600
%EndFont

%BeginFont
Handler:DirectoryHandler
FontType:TrueType
FontName:Sylfaen
FamilyName:Sylfaen
StyleName:Regular
FullName:Sylfaen
MenuName:Sylfaen
StyleBits:0
WritingScript:Roman
OutlineFileName:C:\WINDOWS\Fonts\\sylfaen.ttf
DataFormat:sfntData
FileLength:221676
FileModTime:1091703600
WeightClass:400
WidthClass:5
AngleClass:0
%EndFont

%BeginFont
Handler:DirectoryHandler
FontType:TrueType
FontName:SymbolMT
FamilyName:Symbol
StyleName:Regular
FullName:Symbol
MenuName:Symbol
StyleBits:0
WritingScript:Roman
OutlineFileName:C:\WINDOWS\Fonts\\symbol.ttf
DataFormat:sfntData
FileLength:69464
FileModTime:1091703600
WeightClass:400
WidthClass:5
AngleClass:0
%EndFont

%BeginFont
Handler:DirectoryHandler
FontType:Invalid
OutlineFileName:C:\WINDOWS\Fonts\\symbole.fon
FileModTime:1091703600
%EndFont

%BeginFont
Handler:DirectoryHandler
FontType:TrueType
FontName:Tahoma
FamilyName:Tahoma
StyleName:Regular
FullName:Tahoma
MenuName:Tahoma
StyleBits:0
WritingScript:Roman
OutlineFileName:C:\WINDOWS\Fonts\\tahoma.ttf
DataFormat:sfntData
FileLength:383804
FileModTime:1167663406
WeightClass:400
WidthClass:5
AngleClass:0
%EndFont

%BeginFont
Handler:DirectoryHandler
FontType:TrueType
FontName:Tahoma-Bold
FamilyName:Tahoma
StyleName:Bold
FullName:Tahoma Bold
MenuName:Tahoma
StyleBits:2
WritingScript:Roman
OutlineFileName:C:\WINDOWS\Fonts\\tahomabd.ttf
DataFormat:sfntData
FileLength:355680
FileModTime:1167663410
WeightClass:700
WidthClass:5
AngleClass:0
%EndFont

%BeginFont
Handler:DirectoryHandler
FontType:TrueType
FontName:TimesNewRomanPSMT
FamilyName:Times New Roman
StyleName:Regular
FullName:Times New Roman
MenuName:Times New Roman
StyleBits:0
WritingScript:Roman
OutlineFileName:C:\WINDOWS\Fonts\\times.ttf
DataFormat:sfntData
FileLength:409280
FileModTime:1167663416
WeightClass:400
WidthClass:5
AngleClass:0
%EndFont

%BeginFont
Handler:DirectoryHandler
FontType:TrueType
FontName:TimesNewRomanPS-BoldMT
FamilyName:Times New Roman
StyleName:Bold
FullName:Times New Roman Bold
MenuName:Times New Roman
StyleBits:2
WritingScript:Roman
OutlineFileName:C:\WINDOWS\Fonts\\timesbd.ttf
DataFormat:sfntData
FileLength:398372
FileModTime:1167663424
WeightClass:700
WidthClass:5
AngleClass:0
%EndFont

%BeginFont
Handler:DirectoryHandler
FontType:TrueType
FontName:TimesNewRomanPS-BoldItalicMT
FamilyName:Times New Roman
StyleName:Bold Italic
FullName:Times New Roman Bold Italic
MenuName:Times New Roman
StyleBits:3
WritingScript:Roman
OutlineFileName:C:\WINDOWS\Fonts\\timesbi.ttf
DataFormat:sfntData
FileLength:239692
FileModTime:1091703600
WeightClass:700
WidthClass:5
AngleClass:1
%EndFont

%BeginFont
Handler:DirectoryHandler
FontType:TrueType
FontName:TimesNewRomanPS-ItalicMT
FamilyName:Times New Roman
StyleName:Italic
FullName:Times New Roman Italic
MenuName:Times New Roman
StyleBits:1
WritingScript:Roman
OutlineFileName:C:\WINDOWS\Fonts\\timesi.ttf
DataFormat:sfntData
FileLength:248368
FileModTime:1091703600
WeightClass:400
WidthClass:5
AngleClass:1
%EndFont

%BeginFont
Handler:DirectoryHandler
FontType:TrueType
FontName:TrebuchetMS
FamilyName:Trebuchet MS
StyleName:Regular
FullName:Trebuchet MS
MenuName:Trebuchet MS
StyleBits:0
WritingScript:Roman
OutlineFileName:C:\WINDOWS\Fonts\\trebuc.ttf
DataFormat:sfntData
FileLength:134108
FileModTime:1167663434
WeightClass:400
WidthClass:5
AngleClass:0
%EndFont

%BeginFont
Handler:DirectoryHandler
FontType:TrueType
FontName:TrebuchetMS-Bold
FamilyName:Trebuchet MS
StyleName:Bold
FullName:Trebuchet MS Bold
MenuName:Trebuchet MS
StyleBits:2
WritingScript:Roman
OutlineFileName:C:\WINDOWS\Fonts\\trebucbd.ttf
DataFormat:sfntData
FileLength:123096
FileModTime:1091703600
WeightClass:700
WidthClass:5
AngleClass:0
%EndFont

%BeginFont
Handler:DirectoryHandler
FontType:TrueType
FontName:Trebuchet-BoldItalic
FamilyName:Trebuchet MS
StyleName:Bold Italic
FullName:Trebuchet MS Bold Italic
MenuName:Trebuchet MS
StyleBits:3
WritingScript:Roman
OutlineFileName:C:\WINDOWS\Fonts\\trebucbi.ttf
DataFormat:sfntData
FileLength:131188
FileModTime:1091703600
WeightClass:700
WidthClass:5
AngleClass:1
%EndFont

%BeginFont
Handler:DirectoryHandler
FontType:TrueType
FontName:TrebuchetMS-Italic
FamilyName:Trebuchet MS
StyleName:Italic
FullName:Trebuchet MS Italic
MenuName:Trebuchet MS
StyleBits:1
WritingScript:Roman
OutlineFileName:C:\WINDOWS\Fonts\\trebucit.ttf
DataFormat:sfntData
FileLength:139288
FileModTime:1091703600
WeightClass:400
WidthClass:5
AngleClass:1
%EndFont

%BeginFont
Handler:DirectoryHandler
FontType:TrueType
FontName:Tunga-Regular
FamilyName:Tunga
StyleName:Regular
FullName:Tunga
MenuName:Tunga
StyleBits:0
WritingScript:Roman
OutlineFileName:C:\WINDOWS\Fonts\\tunga.ttf
DataFormat:sfntData
FileLength:148624
FileModTime:1167663282
WeightClass:400
WidthClass:5
AngleClass:0
%EndFont

%BeginFont
Handler:DirectoryHandler
FontType:TrueType
FontName:Verdana
FamilyName:Verdana
StyleName:Regular
FullName:Verdana
MenuName:Verdana
StyleBits:0
WritingScript:Roman
OutlineFileName:C:\WINDOWS\Fonts\\verdana.ttf
DataFormat:sfntData
FileLength:171792
FileModTime:1167663442
WeightClass:400
WidthClass:5
AngleClass:0
%EndFont

%BeginFont
Handler:DirectoryHandler
FontType:TrueType
FontName:Verdana-Bold
FamilyName:Verdana
StyleName:Bold
FullName:Verdana Bold
MenuName:Verdana
StyleBits:2
WritingScript:Roman
OutlineFileName:C:\WINDOWS\Fonts\\verdanab.ttf
DataFormat:sfntData
FileLength:137616
FileModTime:1091703600
WeightClass:700
WidthClass:5
AngleClass:0
%EndFont

%BeginFont
Handler:DirectoryHandler
FontType:TrueType
FontName:Verdana-Italic
FamilyName:Verdana
StyleName:Italic
FullName:Verdana Italic
MenuName:Verdana
StyleBits:1
WritingScript:Roman
OutlineFileName:C:\WINDOWS\Fonts\\verdanai.ttf
DataFormat:sfntData
FileLength:155076
FileModTime:1091703600
WeightClass:400
WidthClass:5
AngleClass:1
%EndFont

%BeginFont
Handler:DirectoryHandler
FontType:TrueType
FontName:Verdana-BoldItalic
FamilyName:Verdana
StyleName:Bold Italic
FullName:Verdana Bold Italic
MenuName:Verdana
StyleBits:3
WritingScript:Roman
OutlineFileName:C:\WINDOWS\Fonts\\verdanaz.ttf
DataFormat:sfntData
FileLength:154800
FileModTime:1091703600
WeightClass:700
WidthClass:5
AngleClass:1
%EndFont

%BeginFont
Handler:DirectoryHandler
FontType:Invalid
OutlineFileName:C:\WINDOWS\Fonts\\vga737.fon
FileModTime:1091703600
%EndFont

%BeginFont
Handler:DirectoryHandler
FontType:Invalid
OutlineFileName:C:\WINDOWS\Fonts\\vga775.fon
FileModTime:1091703600
%EndFont

%BeginFont
Handler:DirectoryHandler
FontType:Invalid
OutlineFileName:C:\WINDOWS\Fonts\\vga850.fon
FileModTime:1091703600
%EndFont

%BeginFont
Handler:DirectoryHandler
FontType:Invalid
OutlineFileName:C:\WINDOWS\Fonts\\vga852.fon
FileModTime:1091703600
%EndFont

%BeginFont
Handler:DirectoryHandler
FontType:Invalid
OutlineFileName:C:\WINDOWS\Fonts\\vga855.fon
FileModTime:1091703600
%EndFont

%BeginFont
Handler:DirectoryHandler
FontType:Invalid
OutlineFileName:C:\WINDOWS\Fonts\\vga857.fon
FileModTime:1091703600
%EndFont

%BeginFont
Handler:DirectoryHandler
FontType:Invalid
OutlineFileName:C:\WINDOWS\Fonts\\vga860.fon
FileModTime:1091703600
%EndFont

%BeginFont
Handler:DirectoryHandler
FontType:Invalid
OutlineFileName:C:\WINDOWS\Fonts\\vga863.fon
FileModTime:1091703600
%EndFont

%BeginFont
Handler:DirectoryHandler
FontType:Invalid
OutlineFileName:C:\WINDOWS\Fonts\\vga865.fon
FileModTime:1091703600
%EndFont

%BeginFont
Handler:DirectoryHandler
FontType:Invalid
OutlineFileName:C:\WINDOWS\Fonts\\vga866.fon
FileModTime:1091703600
%EndFont

%BeginFont
Handler:DirectoryHandler
FontType:Invalid
OutlineFileName:C:\WINDOWS\Fonts\\vga869.fon
FileModTime:1091703600
%EndFont

%BeginFont
Handler:DirectoryHandler
FontType:Invalid
OutlineFileName:C:\WINDOWS\Fonts\\vga932.fon
FileModTime:1091703600
%EndFont

%BeginFont
Handler:DirectoryHandler
FontType:Invalid
OutlineFileName:C:\WINDOWS\Fonts\\vga936.fon
FileModTime:1091703600
%EndFont

%BeginFont
Handler:DirectoryHandler
FontType:Invalid
OutlineFileName:C:\WINDOWS\Fonts\\vga949.fon
FileModTime:1091703600
%EndFont

%BeginFont
Handler:DirectoryHandler
FontType:Invalid
OutlineFileName:C:\WINDOWS\Fonts\\vga950.fon
FileModTime:1091703600
%EndFont

%BeginFont
Handler:DirectoryHandler
FontType:Invalid
OutlineFileName:C:\WINDOWS\Fonts\\vgaf1257.fon
FileModTime:1091703600
%EndFont

%BeginFont
Handler:DirectoryHandler
FontType:Invalid
OutlineFileName:C:\WINDOWS\Fonts\\vgafix.fon
FileModTime:1091703600
%EndFont

%BeginFont
Handler:DirectoryHandler
FontType:Invalid
OutlineFileName:C:\WINDOWS\Fonts\\vgafixe.fon
FileModTime:1091703600
%EndFont

%BeginFont
Handler:DirectoryHandler
FontType:Invalid
OutlineFileName:C:\WINDOWS\Fonts\\vgafixg.fon
FileModTime:1091703600
%EndFont

%BeginFont
Handler:DirectoryHandler
FontType:Invalid
OutlineFileName:C:\WINDOWS\Fonts\\vgafixr.fon
FileModTime:1091703600
%EndFont

%BeginFont
Handler:DirectoryHandler
FontType:Invalid
OutlineFileName:C:\WINDOWS\Fonts\\vgafixt.fon
FileModTime:1091703600
%EndFont

%BeginFont
Handler:DirectoryHandler
FontType:Invalid
OutlineFileName:C:\WINDOWS\Fonts\\vgaoem.fon
FileModTime:1091703600
%EndFont

%BeginFont
Handler:DirectoryHandler
FontType:Invalid
OutlineFileName:C:\WINDOWS\Fonts\\vgas1257.fon
FileModTime:1091703600
%EndFont

%BeginFont
Handler:DirectoryHandler
FontType:Invalid
OutlineFileName:C:\WINDOWS\Fonts\\vgasys.fon
FileModTime:1091703600
%EndFont

%BeginFont
Handler:DirectoryHandler
FontType:Invalid
OutlineFileName:C:\WINDOWS\Fonts\\vgasyse.fon
FileModTime:1091703600
%EndFont

%BeginFont
Handler:DirectoryHandler
FontType:Invalid
OutlineFileName:C:\WINDOWS\Fonts\\vgasysg.fon
FileModTime:1091703600
%EndFont

%BeginFont
Handler:DirectoryHandler
FontType:Invalid
OutlineFileName:C:\WINDOWS\Fonts\\vgasysr.fon
FileModTime:1091703600
%EndFont

%BeginFont
Handler:DirectoryHandler
FontType:Invalid
OutlineFileName:C:\WINDOWS\Fonts\\vgasyst.fon
FileModTime:1091703600
%EndFont

%BeginFont
Handler:DirectoryHandler
FontType:TrueType
FontName:Vrinda
FamilyName:Vrinda
StyleName:Regular
FullName:Vrinda
MenuName:Vrinda
StyleBits:0
WritingScript:Roman
OutlineFileName:C:\WINDOWS\Fonts\\vrinda.ttf
DataFormat:sfntData
FileLength:252820
FileModTime:1167663286
WeightClass:400
WidthClass:5
AngleClass:0
%EndFont

%BeginFont
Handler:DirectoryHandler
FontType:TrueType
FontName:Webdings
FamilyName:Webdings
StyleName:Regular
FullName:Webdings
MenuName:Webdings
StyleBits:0
WritingScript:Roman
OutlineFileName:C:\WINDOWS\Fonts\\webdings.ttf
DataFormat:sfntData
FileLength:118752
FileModTime:1091703600
WeightClass:400
WidthClass:5
AngleClass:0
%EndFont

%BeginFont
Handler:DirectoryHandler
FontType:TrueType
FontName:Wingdings-Regular
FamilyName:Wingdings
StyleName:Regular
FullName:Wingdings
MenuName:Wingdings
StyleBits:0
WritingScript:Roman
OutlineFileName:C:\WINDOWS\Fonts\\wingding.ttf
DataFormat:sfntData
FileLength:81000
FileModTime:1091703600
WeightClass:400
WidthClass:5
AngleClass:0
%EndFont

%BeginFont
Handler:DirectoryHandler
FontType:Invalid
OutlineFileName:C:\WINDOWS\Fonts\\wst_czec.fon
FileModTime:1091703600
%EndFont

%BeginFont
Handler:DirectoryHandler
FontType:Invalid
OutlineFileName:C:\WINDOWS\Fonts\\wst_engl.fon
FileModTime:1091703600
%EndFont

%BeginFont
Handler:DirectoryHandler
FontType:Invalid
OutlineFileName:C:\WINDOWS\Fonts\\wst_fren.fon
FileModTime:1091703600
%EndFont

%BeginFont
Handler:DirectoryHandler
FontType:Invalid
OutlineFileName:C:\WINDOWS\Fonts\\wst_germ.fon
FileModTime:1091703600
%EndFont

%BeginFont
Handler:DirectoryHandler
FontType:Invalid
OutlineFileName:C:\WINDOWS\Fonts\\wst_ital.fon
FileModTime:1091703600
%EndFont

%BeginFont
Handler:DirectoryHandler
FontType:Invalid
OutlineFileName:C:\WINDOWS\Fonts\\wst_span.fon
FileModTime:1091703600
%EndFont

%BeginFont
Handler:DirectoryHandler
FontType:Invalid
OutlineFileName:C:\WINDOWS\Fonts\\wst_swed.fon
FileModTime:1091703600
%EndFont

%BeginFont
Handler:DirectoryHandler
FontType:TrueType
FontName:ZWAdobeF
FamilyName:ZWAdobeF
StyleName:Regular
FullName:ZWAdobeF
MenuName:ZWAdobeF
StyleBits:0
WritingScript:Roman
OutlineFileName:C:\WINDOWS\Fonts\\ZWAdobeF.TTF
DataFormat:sfntData
FileLength:6800
FileModTime:1289822550
WeightClass:400
WidthClass:5
AngleClass:1
%EndFont

