%!Adobe-FontList 1.13
%Locale:0x412

%BeginFont
Handler:DirectoryHandler
FontType:Type1
FontName:CGBM-PropRoman
FamilyName:CGB
StyleName:M Proportional Roman
FullName:CGBM Proportional Roman
MenuName:CGB
StyleBits:0
WritingScript:Roman
OutlineFileName:C:\Program Files\Adobe\Acrobat 10.0\Acrobat\data\psdisk\fonts\\CGBM-PropRoman
DataFormat:Plain
UsesStandardEncoding:no
isCFF:no
FileLength:31695
FileModTime:1289822546
WeightClass:400
WidthClass:5
AngleClass:0
DesignSize:-1
%EndFont

%BeginFont
Handler:DirectoryHandler
FontType:Type1
FontName:ChuGothicBBB-Medium-PropRoman
FamilyName:Chu Gothic BBB
StyleName:Medium Proportional Roman
FullName:Chu Gothic BBB Medium Proportional Roman
MenuName:Chu Gothic BBB
StyleBits:0
WritingScript:Roman
OutlineFileName:C:\Program Files\Adobe\Acrobat 10.0\Acrobat\data\psdisk\fonts\\ChuGothicBBB-Medium-PropRoman
DataFormat:Plain
UsesStandardEncoding:no
isCFF:no
FileLength:37809
FileModTime:1289822546
WeightClass:500
WidthClass:5
AngleClass:0
DesignSize:-1
%EndFont

%BeginFont
Handler:DirectoryHandler
FontType:Type1
FontName:FutoMinA101-Bold-PropRoman
FamilyName:Futo Min A 101
StyleName:Bold Prop Roman
FullName:PCCentury Old Style Regular
MenuName:Futo Min A 101
StyleBits:2
WritingScript:Roman
OutlineFileName:C:\Program Files\Adobe\Acrobat 10.0\Acrobat\data\psdisk\fonts\\FutoMinA101-Bold-PropRoman
DataFormat:Plain
UsesStandardEncoding:no
isCFF:no
FileLength:34544
FileModTime:1289822550
WeightClass:700
WidthClass:5
AngleClass:0
DesignSize:-1
%EndFont

%BeginFont
Handler:DirectoryHandler
FontType:Type1
FontName:HeiseiKakuGothic-W5-PropRoman
FamilyName:Heisei Kaku Gothic
StyleName:W5 Proportional Roman
FullName:Heisei Kaku Gothic W5 Proportional Roman
MenuName:Heisei Kaku Gothic
StyleBits:0
WritingScript:Roman
OutlineFileName:C:\Program Files\Adobe\Acrobat 10.0\Acrobat\data\psdisk\fonts\\HeiseiKakuGothic-W5-PropRoman
DataFormat:Plain
UsesStandardEncoding:no
isCFF:no
FileLength:40322
FileModTime:1289822550
WeightClass:400
WidthClass:5
AngleClass:0
DesignSize:-1
%EndFont

%BeginFont
Handler:DirectoryHandler
FontType:Type1
FontName:HeiseiMincho-W3-PropRoman
FamilyName:Heisei Mincho
StyleName:W3 Proportional Roman
FullName:Heisei Mincho W3 Proportional Roman
MenuName:Heisei Mincho
StyleBits:0
WritingScript:Roman
OutlineFileName:C:\Program Files\Adobe\Acrobat 10.0\Acrobat\data\psdisk\fonts\\HeiseiMincho-W3-PropRoman
DataFormat:Plain
UsesStandardEncoding:no
isCFF:no
FileLength:53773
FileModTime:1289822546
WeightClass:400
WidthClass:5
AngleClass:0
DesignSize:-1
%EndFont

%BeginFont
Handler:DirectoryHandler
FontType:Type1
FontName:HonMincho-M-PropRoman
FamilyName:HonMincho
StyleName:Medium Proportional Roman
FullName:Hon Mincho Medium Proportional Roman
MenuName:HonMincho
StyleBits:0
WritingScript:Roman
OutlineFileName:C:\Program Files\Adobe\Acrobat 10.0\Acrobat\data\psdisk\fonts\\HonMincho-M-PropRoman
DataFormat:Plain
UsesStandardEncoding:no
isCFF:no
FileLength:51563
FileModTime:1289822550
WeightClass:500
WidthClass:5
AngleClass:0
DesignSize:-1
%EndFont

%BeginFont
Handler:DirectoryHandler
FontType:Type1
FontName:HYFix
FamilyName:Hanyang Systems
StyleName:Fix
FullName:Hanyang Systems Fix
MenuName:Hanyang Systems
StyleBits:0
WritingScript:Roman
OutlineFileName:C:\Program Files\Adobe\Acrobat 10.0\Acrobat\data\psdisk\fonts\\HYFix
DataFormat:Plain
UsesStandardEncoding:no
isCFF:no
FileLength:8918
FileModTime:1289822546
WeightClass:400
WidthClass:5
AngleClass:0
DesignSize:-1
%EndFont

%BeginFont
Handler:DirectoryHandler
FontType:Type1
FontName:JL-PropRoman
FamilyName:J Roman
StyleName:L Proportional Roman
FullName:JL Proportional Roman
MenuName:J Roman
StyleBits:0
WritingScript:Roman
OutlineFileName:C:\Program Files\Adobe\Acrobat 10.0\Acrobat\data\psdisk\fonts\\JL-PropRoman
DataFormat:Plain
UsesStandardEncoding:no
isCFF:no
FileLength:36625
FileModTime:1289822546
WeightClass:400
WidthClass:5
AngleClass:0
DesignSize:-1
%EndFont

%BeginFont
Handler:DirectoryHandler
FontType:Type1
FontName:Jun101-Light-PropRoman
FamilyName:Jun Roman
StyleName:OneZeroOne Light Proportional Roman
FullName:Jun OneZeroOne Light Proportional Roman
MenuName:Jun Roman
StyleBits:0
WritingScript:Roman
OutlineFileName:C:\Program Files\Adobe\Acrobat 10.0\Acrobat\data\psdisk\fonts\\Jun101-Light-PropRoman
DataFormat:Plain
UsesStandardEncoding:no
isCFF:no
FileLength:35289
FileModTime:1289822546
WeightClass:300
WidthClass:5
AngleClass:0
DesignSize:-1
%EndFont

%BeginFont
Handler:DirectoryHandler
FontType:Type1
FontName:MaruGothic-M-PropRoman
FamilyName:MaruGothic
StyleName:Medium Proportional Roman
FullName:Maru Gothic Medium Proportional Roman
MenuName:MaruGothic
StyleBits:0
WritingScript:Roman
OutlineFileName:C:\Program Files\Adobe\Acrobat 10.0\Acrobat\data\psdisk\fonts\\MaruGothic-M-PropRoman
DataFormat:Plain
UsesStandardEncoding:no
isCFF:no
FileLength:53462
FileModTime:1289822550
WeightClass:500
WidthClass:5
AngleClass:0
DesignSize:-1
%EndFont

%BeginFont
Handler:DirectoryHandler
FontType:Type1
FontName:MidashiMin-MA31-PropRoman
FamilyName:PC Century
StyleName:Bold
FullName:PC Century Bold
MenuName:PC Century
StyleBits:2
WritingScript:Roman
OutlineFileName:C:\Program Files\Adobe\Acrobat 10.0\Acrobat\data\psdisk\fonts\\MidashiMin-MA31-PropRoman
DataFormat:Plain
UsesStandardEncoding:no
isCFF:no
FileLength:39619
FileModTime:1289822544
WeightClass:700
WidthClass:5
AngleClass:0
DesignSize:-1
%EndFont

%BeginFont
Handler:DirectoryHandler
FontType:Type1
FontName:Mincho-PC-Hiragana
FamilyName:Mincho
StyleName:PC Hiragana
FullName:Mincho PC Hiragana
MenuName:Mincho
StyleBits:0
WritingScript:Roman
OutlineFileName:C:\Program Files\Adobe\Acrobat 10.0\Acrobat\data\psdisk\fonts\\Mincho-PC-Hiragana
DataFormat:Plain
UsesStandardEncoding:no
isCFF:no
FileLength:91634
FileModTime:1289822546
WeightClass:400
WidthClass:5
AngleClass:0
DesignSize:-1
%EndFont

%BeginFont
Handler:DirectoryHandler
FontType:Type1
FontName:Mincho-PC-Katakana
FamilyName:Mincho
StyleName:PC Katakana
FullName:Mincho PC Katakana
MenuName:Mincho
StyleBits:0
WritingScript:Roman
OutlineFileName:C:\Program Files\Adobe\Acrobat 10.0\Acrobat\data\psdisk\fonts\\Mincho-PC-Katakana
DataFormat:Plain
UsesStandardEncoding:no
isCFF:no
FileLength:80167
FileModTime:1289822544
WeightClass:400
WidthClass:5
AngleClass:0
DesignSize:-1
%EndFont

%BeginFont
Handler:DirectoryHandler
FontType:Type1
FontName:MMMA-PropRoman
FamilyName:MMMA
StyleName:Prop Roman
FullName:MMMA PropRoman
MenuName:MMMA
StyleBits:0
WritingScript:Roman
OutlineFileName:C:\Program Files\Adobe\Acrobat 10.0\Acrobat\data\psdisk\fonts\\MMMA-PropRoman
DataFormat:Plain
UsesStandardEncoding:no
isCFF:no
FileLength:39559
FileModTime:1289822550
WeightClass:400
WidthClass:5
AngleClass:0
DesignSize:-1
%EndFont

%BeginFont
Handler:DirectoryHandler
FontType:Invalid
OutlineFileName:C:\Program Files\Adobe\Acrobat 10.0\Acrobat\data\psdisk\fonts\\NotDefFont
FileModTime:1289822550
%EndFont

%BeginFont
Handler:DirectoryHandler
FontType:Type1
FontName:Osaka-MonoRoman
FamilyName:Osaka
StyleName:Monospaced Roman
FullName:Osaka Monospaced Roman
MenuName:Osaka
StyleBits:0
WritingScript:Roman
OutlineFileName:C:\Program Files\Adobe\Acrobat 10.0\Acrobat\data\psdisk\fonts\\Osaka-MonoRoman
DataFormat:Plain
UsesStandardEncoding:no
isCFF:no
FileLength:35391
FileModTime:1289822544
WeightClass:400
WidthClass:5
AngleClass:0
DesignSize:-1
%EndFont

%BeginFont
Handler:DirectoryHandler
FontType:Type1
FontName:Osaka-PropRoman
FamilyName:Osaka
StyleName:Proportional Roman
FullName:Osaka Proportional Roman
MenuName:Osaka
StyleBits:0
WritingScript:Roman
OutlineFileName:C:\Program Files\Adobe\Acrobat 10.0\Acrobat\data\psdisk\fonts\\Osaka-PropRoman
DataFormat:Plain
UsesStandardEncoding:no
isCFF:no
FileLength:44472
FileModTime:1289822546
WeightClass:400
WidthClass:5
AngleClass:0
DesignSize:-1
%EndFont

%BeginFont
Handler:DirectoryHandler
FontType:Type1
FontName:RLKL-PropRoman
FamilyName:R
StyleName:L KL Proportional Roman
FullName:RL KL Proportional Roman
MenuName:R
StyleBits:0
WritingScript:Roman
OutlineFileName:C:\Program Files\Adobe\Acrobat 10.0\Acrobat\data\psdisk\fonts\\RLKL-PropRoman
DataFormat:Plain
UsesStandardEncoding:no
isCFF:no
FileLength:39255
FileModTime:1289822544
WeightClass:400
WidthClass:5
AngleClass:0
DesignSize:-1
%EndFont

%BeginFont
Handler:DirectoryHandler
FontType:Type1
FontName:Ryumin-Light-KL-PropRoman
FamilyName:Ryumin
StyleName:Light KL Proportional Roman
FullName:Ryumin Light KL Proportional Roman
MenuName:Ryumin
StyleBits:0
WritingScript:Roman
OutlineFileName:C:\Program Files\Adobe\Acrobat 10.0\Acrobat\data\psdisk\fonts\\Ryumin-Light-KL-PropRoman
DataFormat:Plain
UsesStandardEncoding:no
isCFF:no
FileLength:66534
FileModTime:1289822544
WeightClass:300
WidthClass:5
AngleClass:0
DesignSize:-1
%EndFont

%BeginFont
Handler:DirectoryHandler
FontType:Type1
FontName:SMFix
FamilyName:SoftMagic
StyleName:Fix
FullName:SoftMagic Fix
MenuName:SoftMagic
StyleBits:0
WritingScript:Roman
OutlineFileName:C:\Program Files\Adobe\Acrobat 10.0\Acrobat\data\psdisk\fonts\\SMFix
DataFormat:Plain
UsesStandardEncoding:no
isCFF:no
FileLength:2196
FileModTime:1289822544
WeightClass:400
WidthClass:5
AngleClass:0
DesignSize:-1
%EndFont

